###############################################################################
#
# IAR ELF Linker V8.22.1.15669/W32 for ARM                03/Dec/2020  15:47:13
# Copyright 2007-2018 IAR Systems AB.
#
#    Output file  =  
#        C:\Users\n.kruchkov\Desktop\Projects\Thermo_Board_MLX90614\Thermo_bluepill\EWARM\Thermo_blue\Exe\Thermo_blue.out
#    Map file     =  
#        C:\Users\n.kruchkov\Desktop\Projects\Thermo_Board_MLX90614\Thermo_bluepill\EWARM\Thermo_blue\List\Thermo_blue.map
#    Command line =  
#        -f C:\Users\N8153~1.KRU\AppData\Local\Temp\EW540A.tmp
#        (C:\Users\n.kruchkov\Desktop\Projects\Thermo_Board_MLX90614\Thermo_bluepill\EWARM\Thermo_blue\Obj\fonts.o
#        C:\Users\n.kruchkov\Desktop\Projects\Thermo_Board_MLX90614\Thermo_bluepill\EWARM\Thermo_blue\Obj\gpio.o
#        C:\Users\n.kruchkov\Desktop\Projects\Thermo_Board_MLX90614\Thermo_bluepill\EWARM\Thermo_blue\Obj\i2c.o
#        C:\Users\n.kruchkov\Desktop\Projects\Thermo_Board_MLX90614\Thermo_bluepill\EWARM\Thermo_blue\Obj\main.o
#        C:\Users\n.kruchkov\Desktop\Projects\Thermo_Board_MLX90614\Thermo_bluepill\EWARM\Thermo_blue\Obj\oled.o
#        C:\Users\n.kruchkov\Desktop\Projects\Thermo_Board_MLX90614\Thermo_bluepill\EWARM\Thermo_blue\Obj\ssd1306.o
#        C:\Users\n.kruchkov\Desktop\Projects\Thermo_Board_MLX90614\Thermo_bluepill\EWARM\Thermo_blue\Obj\startup_stm32f103xb.o
#        C:\Users\n.kruchkov\Desktop\Projects\Thermo_Board_MLX90614\Thermo_bluepill\EWARM\Thermo_blue\Obj\stm32f1xx_hal.o
#        C:\Users\n.kruchkov\Desktop\Projects\Thermo_Board_MLX90614\Thermo_bluepill\EWARM\Thermo_blue\Obj\stm32f1xx_hal_cortex.o
#        C:\Users\n.kruchkov\Desktop\Projects\Thermo_Board_MLX90614\Thermo_bluepill\EWARM\Thermo_blue\Obj\stm32f1xx_hal_dma.o
#        C:\Users\n.kruchkov\Desktop\Projects\Thermo_Board_MLX90614\Thermo_bluepill\EWARM\Thermo_blue\Obj\stm32f1xx_hal_exti.o
#        C:\Users\n.kruchkov\Desktop\Projects\Thermo_Board_MLX90614\Thermo_bluepill\EWARM\Thermo_blue\Obj\stm32f1xx_hal_flash.o
#        C:\Users\n.kruchkov\Desktop\Projects\Thermo_Board_MLX90614\Thermo_bluepill\EWARM\Thermo_blue\Obj\stm32f1xx_hal_flash_ex.o
#        C:\Users\n.kruchkov\Desktop\Projects\Thermo_Board_MLX90614\Thermo_bluepill\EWARM\Thermo_blue\Obj\stm32f1xx_hal_gpio.o
#        C:\Users\n.kruchkov\Desktop\Projects\Thermo_Board_MLX90614\Thermo_bluepill\EWARM\Thermo_blue\Obj\stm32f1xx_hal_gpio_ex.o
#        C:\Users\n.kruchkov\Desktop\Projects\Thermo_Board_MLX90614\Thermo_bluepill\EWARM\Thermo_blue\Obj\stm32f1xx_hal_i2c.o
#        C:\Users\n.kruchkov\Desktop\Projects\Thermo_Board_MLX90614\Thermo_bluepill\EWARM\Thermo_blue\Obj\stm32f1xx_hal_msp.o
#        C:\Users\n.kruchkov\Desktop\Projects\Thermo_Board_MLX90614\Thermo_bluepill\EWARM\Thermo_blue\Obj\stm32f1xx_hal_pwr.o
#        C:\Users\n.kruchkov\Desktop\Projects\Thermo_Board_MLX90614\Thermo_bluepill\EWARM\Thermo_blue\Obj\stm32f1xx_hal_rcc.o
#        C:\Users\n.kruchkov\Desktop\Projects\Thermo_Board_MLX90614\Thermo_bluepill\EWARM\Thermo_blue\Obj\stm32f1xx_hal_rcc_ex.o
#        C:\Users\n.kruchkov\Desktop\Projects\Thermo_Board_MLX90614\Thermo_bluepill\EWARM\Thermo_blue\Obj\stm32f1xx_hal_tim.o
#        C:\Users\n.kruchkov\Desktop\Projects\Thermo_Board_MLX90614\Thermo_bluepill\EWARM\Thermo_blue\Obj\stm32f1xx_hal_tim_ex.o
#        C:\Users\n.kruchkov\Desktop\Projects\Thermo_Board_MLX90614\Thermo_bluepill\EWARM\Thermo_blue\Obj\stm32f1xx_it.o
#        C:\Users\n.kruchkov\Desktop\Projects\Thermo_Board_MLX90614\Thermo_bluepill\EWARM\Thermo_blue\Obj\system_stm32f1xx.o
#        --redirect _Printf=_PrintfFull --redirect _Scanf=_ScanfFull -o
#        C:\Users\n.kruchkov\Desktop\Projects\Thermo_Board_MLX90614\Thermo_bluepill\EWARM\Thermo_blue\Exe\Thermo_blue.out
#        --map
#        C:\Users\n.kruchkov\Desktop\Projects\Thermo_Board_MLX90614\Thermo_bluepill\EWARM\Thermo_blue\List\Thermo_blue.map
#        --config
#        C:\Users\n.kruchkov\Desktop\Projects\Thermo_Board_MLX90614\Thermo_bluepill\EWARM/stm32f103xb_flash.icf
#        --semihosting --entry __iar_program_start --redirect
#        __iar_sh_stdout=__iar_sh_stdout_swo --vfe --text_out locale)
#
###############################################################################

*******************************************************************************
*** RUNTIME MODEL ATTRIBUTES
***

CppFlavor       = *
__Heap_Handler  = Basic
__SystemLibrary = DLib
__dlib_version  = 6


*******************************************************************************
*** HEAP SELECTION
***

The basic heap was selected because no calls to memory allocation
functions were found in the application outside of system library
functions, and there are calls to deallocation functions in the
application.


*******************************************************************************
*** PLACEMENT SUMMARY
***

"A0":  place at 0x08000000 { ro section .intvec };
"P1":  place in [from 0x08000000 to 0x0801ffff] { ro };
define block CSTACK with size = 1K, alignment = 8 { };
define block HEAP with size = 512, alignment = 8 { };
"P2":  place in [from 0x20000000 to 0x20004fff] {
          rw, block CSTACK, block HEAP };
initialize by copy { rw };

  Section            Kind        Address    Size  Object
  -------            ----        -------    ----  ------
"A0":                                       0xec
  .intvec            ro code  0x08000000    0xec  startup_stm32f103xb.o [1]
                            - 0x080000ec    0xec

"P1":                                     0x57cd
  .text              ro code  0x080000ec   0xf96  xprintffull.o [3]
  .text              ro code  0x08001082    0x7a  lz77_init_single.o [5]
  .text              ro code  0x080010fc    0x74  xlocale_c.o [3]
  .text              ro code  0x08001170    0x16  strchr.o [5]
  .text              ro code  0x08001186    0x1e  xencoding_8859_1.o [3]
  .text              ro code  0x080011a4    0x40  xfail_s.o [3]
  .text              ro code  0x080011e4    0x36  strlen.o [5]
  .text              ro code  0x0800121a     0xa  xsprout.o [3]
  .text              ro code  0x08001224    0x58  memchr.o [5]
  .text              ro code  0x0800127c     0xa  xmbcurmax.o [3]
  .text              ro code  0x08001288    0xa6  ABImemcpy.o [5]
  .text              ro code  0x08001330   0x22e  I64DivMod.o [5]
  .text              ro code  0x08001560   0x1a2  DblMul.o [4]
  .text              ro code  0x08001704    0x70  frexp.o [4]
  .text              ro code  0x08001774    0x2e  DblCmpLe.o [4]
  .text              ro code  0x080017a4    0x2e  DblCmpGe.o [4]
  .text              ro code  0x080017d4   0x13a  ldexp.o [4]
  .text              ro code  0x08001910    0x3a  DblToS32.o [4]
  .text              ro code  0x0800194c    0x22  S32ToDbl.o [4]
  .text              ro code  0x08001970    0xe2  DblSub.o [4]
  .text              ro code  0x08001a54   0x246  DblDiv.o [4]
  .text              ro code  0x08001c9c    0x28  DblToU32.o [4]
  .text              ro code  0x08001cc4    0x1a  U32ToDbl.o [4]
  .text              ro code  0x08001cde     0x6  abort.o [3]
  .text              ro code  0x08001ce4     0x2  I64DivZer.o [5]
  .text              ro code  0x08001ce8   0x168  DblAdd.o [4]
  .text              ro code  0x08001e50    0x14  exit.o [6]
  .rodata            const    0x08001e64   0xd5c  fonts.o [1]
  .text              ro code  0x08002bc0   0x97a  stm32f1xx_hal_i2c.o [1]
  .text              ro code  0x0800353c    0xbc  i2c.o [1]
  .text              ro code  0x080035f8   0x4ce  stm32f1xx_hal_rcc.o [1]
  .text              ro code  0x08003ac8     0xc  stm32f1xx_hal.o [1]
  .text              ro code  0x08003ad4   0x480  main.o [1]
  .text              ro code  0x08003f54     0x6  ABImemclr4.o [5]
  .text              ro code  0x08003f5c   0x2a0  stm32f1xx_hal_gpio.o [1]
  .text              ro code  0x080041fc    0x40  stm32f1xx_hal.o [1]
  .text              ro code  0x0800423c   0x5fa  oled.o [1]
  .text              ro code  0x08004838    0x28  stm32f1xx_hal.o [1]
  .text              ro code  0x08004860    0x1c  FltCmpEq.o [4]
  .text              ro code  0x0800487c    0x48  FltToDbl.o [4]
  .text              ro code  0x080048c4    0x24  FltCmpLe.o [4]
  .text              ro code  0x080048e8    0x40  sprintf.o [3]
  .text              ro code  0x08004928    0x24  FltCmpGe.o [4]
  .text              ro code  0x0800494c    0x24  S32ToFlt.o [4]
  .text              ro code  0x08004970    0xe2  FltAdd.o [4]
  .text              ro code  0x08004a54    0xfc  FltDiv.o [4]
  .text              ro code  0x08004b50    0x28  printf.o [3]
  .text              ro code  0x08004b78    0xd8  FltMul.o [4]
  .text              ro code  0x08004c50    0x80  FltSub.o [4]
  .text              ro code  0x08004cd0    0x24  stm32f1xx_hal.o [1]
  .text              ro code  0x08004cf4    0xac  gpio.o [1]
  .text              ro code  0x08004da0    0x3a  ABImemset48.o [5]
  .text              ro code  0x08004ddc    0xb0  stm32f1xx_hal_cortex.o [1]
  .text              ro code  0x08004e8c    0x20  ssd1306.o [1]
  .text              ro code  0x08004eac    0x44  stm32f1xx_hal_msp.o [1]
  .text              ro code  0x08004ef0   0x140  heap0.o [3]
  .text              ro code  0x08005030    0x2c  xgetmemchunk.o [3]
  .text              ro code  0x0800505c    0xd8  xfspos.o [3]
  .text              ro code  0x08005134    0xac  fflush.o [3]
  .text              ro code  0x080051e0     0xc  xfgpos.o [3]
  .text              ro code  0x080051ec    0x4a  lseek.o [6]
  .text              ro code  0x08005236    0x10  write.o [6]
  .text              ro code  0x08005248    0xcc  XShHandles.o [3]
  .text              ro code  0x08005314    0x1e  dwrite.o [6]
  .text              ro code  0x08005334    0x50  iarwstdswo.o [6]
  .text              ro code  0x08005384    0x22  iarwrite.o [6]
  .text              ro code  0x080053a6    0xb4  xfwprep.o [3]
  .text              ro code  0x0800545a    0x24  fseek.o [3]
  .text              ro code  0x0800547e    0x7e  fclose.o [3]
  .text              ro code  0x080054fc    0x7c  xfofind.o [3]
  .text              ro code  0x08005578     0x4  heaptramp0.o [3]
  .text              ro code  0x0800557c    0x18  close.o [6]
  .text              ro code  0x08005594    0x14  remove.o [6]
  .text              ro code  0x080055a8    0x54  fputc.o [3]
  .text              ro code  0x080055fc    0x40  zero_init3.o [5]
  .text              ro code  0x0800563c    0x3c  xcloseall.o [3]
  .text              ro code  0x08005678    0x28  data_init.o [5]
  .iar.init_table    const    0x080056a0    0x20  - Linker created -
  .text              ro code  0x080056c0    0x1e  cmain.o [5]
  .text              ro code  0x080056de     0x4  low_level_init.o [3]
  .text              ro code  0x080056e2     0x4  exit.o [3]
  .text              ro code  0x080056e8     0xe  cexit.o [5]
  .text              ro code  0x080056f6    0x16  xprout.o [3]
  .text              ro code  0x0800570c     0xc  putchar.o [3]
  .text              ro code  0x08005718    0x14  stm32f1xx_it.o [1]
  .text              ro code  0x0800572c    0x10  stm32f1xx_hal.o [1]
  .text              ro code  0x0800573c    0x14  system_stm32f1xx.o [1]
  .text              ro code  0x08005750    0x10  startup_stm32f103xb.o [1]
  .text              ro code  0x08005760     0xc  cstartup_M.o [5]
  .rodata            const    0x0800576c     0x8  system_stm32f1xx.o [1]
  .rodata            const    0x08005774     0x6  xlocale_c.o [3]
  .text              ro code  0x0800577a     0x4  startup_stm32f103xb.o [1]
  .text              ro code  0x0800577e     0x4  startup_stm32f103xb.o [1]
  .text              ro code  0x08005782     0x4  startup_stm32f103xb.o [1]
  .text              ro code  0x08005786     0x4  startup_stm32f103xb.o [1]
  .text              ro code  0x0800578a     0x4  startup_stm32f103xb.o [1]
  .text              ro code  0x0800578e     0x4  startup_stm32f103xb.o [1]
  .text              ro code  0x08005792     0x4  startup_stm32f103xb.o [1]
  .text              ro code  0x08005796     0x4  startup_stm32f103xb.o [1]
  .text              ro code  0x0800579a     0x4  startup_stm32f103xb.o [1]
  .text              ro code  0x0800579e     0x4  startup_stm32f103xb.o [1]
  .text              ro code  0x080057a2     0x4  startup_stm32f103xb.o [1]
  .text              ro code  0x080057a6     0x4  startup_stm32f103xb.o [1]
  .text              ro code  0x080057aa     0x4  startup_stm32f103xb.o [1]
  .text              ro code  0x080057ae     0x4  startup_stm32f103xb.o [1]
  .text              ro code  0x080057b2     0x4  startup_stm32f103xb.o [1]
  .text              ro code  0x080057b6     0x4  startup_stm32f103xb.o [1]
  .text              ro code  0x080057ba     0x4  startup_stm32f103xb.o [1]
  .text              ro code  0x080057be     0x4  startup_stm32f103xb.o [1]
  .text              ro code  0x080057c2     0x4  startup_stm32f103xb.o [1]
  .text              ro code  0x080057c6     0x4  startup_stm32f103xb.o [1]
  .text              ro code  0x080057ca     0x4  startup_stm32f103xb.o [1]
  .text              ro code  0x080057ce     0x4  startup_stm32f103xb.o [1]
  .text              ro code  0x080057d2     0x4  startup_stm32f103xb.o [1]
  .text              ro code  0x080057d6     0x4  startup_stm32f103xb.o [1]
  .text              ro code  0x080057da     0x4  startup_stm32f103xb.o [1]
  .text              ro code  0x080057de     0x4  startup_stm32f103xb.o [1]
  .text              ro code  0x080057e2     0x4  startup_stm32f103xb.o [1]
  .text              ro code  0x080057e6     0x4  startup_stm32f103xb.o [1]
  .text              ro code  0x080057ea     0x4  startup_stm32f103xb.o [1]
  .text              ro code  0x080057ee     0x4  startup_stm32f103xb.o [1]
  .text              ro code  0x080057f2     0x4  startup_stm32f103xb.o [1]
  .text              ro code  0x080057f6     0x4  startup_stm32f103xb.o [1]
  .text              ro code  0x080057fa     0x4  startup_stm32f103xb.o [1]
  .text              ro code  0x080057fe     0x4  startup_stm32f103xb.o [1]
  .text              ro code  0x08005802     0x4  startup_stm32f103xb.o [1]
  .text              ro code  0x08005806     0x4  startup_stm32f103xb.o [1]
  .text              ro code  0x0800580a     0x4  startup_stm32f103xb.o [1]
  .text              ro code  0x0800580e     0x4  startup_stm32f103xb.o [1]
  .text              ro code  0x08005812     0x4  startup_stm32f103xb.o [1]
  .text              ro code  0x08005816     0x4  startup_stm32f103xb.o [1]
  .text              ro code  0x0800581a     0x4  startup_stm32f103xb.o [1]
  .text              ro code  0x0800581e     0x4  startup_stm32f103xb.o [1]
  .text              ro code  0x08005822     0x4  startup_stm32f103xb.o [1]
  .text              ro code  0x08005828     0x0  cstart_closeall.o [5]
  .rodata            const    0x08005828     0x0  zero_init3.o [5]
  .rodata            const    0x08005828     0x0  lz77_init_single.o [5]
  Initializer bytes  const    0x08005828    0x91  <for P2-1>
                            - 0x080058b9  0x57cd

"P2", part 1 of 3:                         0x190
  P2-1                        0x20000000   0x190  <Init block>
    .data            inited   0x20000000     0x8  fonts.o [1]
    .data            inited   0x20000008     0xc  stm32f1xx_hal.o [1]
    .data            inited   0x20000014     0x4  system_stm32f1xx.o [1]
    .data            inited   0x20000018    0x38  xlocale_c.o [3]
    .data            inited   0x20000050    0x48  xlocale_c.o [3]
    .data            inited   0x20000098    0x48  xfiles.o [3]
    .data            inited   0x200000e0    0x48  xfiles.o [3]
    .data            inited   0x20000128    0x48  xfiles.o [3]
    .data            inited   0x20000170    0x20  xfiles.o [3]
                            - 0x20000190   0x190

"P2", part 2 of 3:                         0x58c
  .bss               zero     0x20000190   0x400  oled.o [1]
  .bss               zero     0x20000590    0x80  XShHandles.o [3]
  .bss               zero     0x20000610    0x54  i2c.o [1]
  .bss               zero     0x20000664    0x50  xfiles.o [3]
  .bss               zero     0x200006b4    0x50  xfiles.o [3]
  .bss               zero     0x20000704     0x8  oled.o [1]
  .bss               zero     0x2000070c     0x8  heap0.o [3]
  .bss               zero     0x20000714     0x4  xfail_s.o [3]
  .bss               zero     0x20000718     0x4  xgetmemchunk.o [3]
                            - 0x2000071c   0x58c

"P2", part 3 of 3:                         0x600
  CSTACK                      0x20000720   0x400  <Block>
    CSTACK           uninit   0x20000720   0x400  <Block tail>
  HEAP                        0x20000b20   0x200  <Block>
    HEAP             uninit   0x20000b20   0x200  <Block tail>
                            - 0x20000d20   0x600


*******************************************************************************
*** INIT TABLE
***

          Address     Size
          -------     ----
Zero (__iar_zero_init3)
    1 destination range, total size 0x58c:
          0x20000190  0x58c

Copy/lz77 (__iar_lz77_init_single3)
    1 source range, total size 0x91 (36% of destination):
          0x08005828   0x91
    1 destination range, total size 0x190:
          0x20000000  0x190



*******************************************************************************
*** MODULE SUMMARY
***

    Module                  ro code  ro data  rw data
    ------                  -------  -------  -------
C:\Users\n.kruchkov\Desktop\Projects\Thermo_Board_MLX90614\Thermo_bluepill\EWARM\Thermo_blue\Obj: [1]
    fonts.o                            3 422        8
    gpio.o                      172
    i2c.o                       188                84
    main.o                    1 152
    oled.o                    1 530             1 032
    ssd1306.o                    32
    startup_stm32f103xb.o       424
    stm32f1xx_hal.o             168        5       12
    stm32f1xx_hal_cortex.o      176
    stm32f1xx_hal_gpio.o        672
    stm32f1xx_hal_i2c.o       2 426
    stm32f1xx_hal_msp.o          68
    stm32f1xx_hal_rcc.o       1 230
    stm32f1xx_it.o               20
    system_stm32f1xx.o           20        9        4
    -------------------------------------------------
    Total:                    8 278    3 436    1 140

command line: [2]
    -------------------------------------------------
    Total:

dl7M_tlf.a: [3]
    XShHandles.o                204               128
    abort.o                       6
    exit.o                        4
    fclose.o                    126
    fflush.o                    172
    fputc.o                      84
    fseek.o                      36
    heap0.o                     320                 8
    heaptramp0.o                  4
    low_level_init.o              4
    printf.o                     40
    putchar.o                    12
    sprintf.o                    64
    xcloseall.o                  60
    xencoding_8859_1.o           30
    xfail_s.o                    64                 4
    xfgpos.o                     12
    xfiles.o                              90      408
    xfofind.o                   124
    xfspos.o                    216
    xfwprep.o                   180
    xgetmemchunk.o               44                 4
    xlocale_c.o                 116       53      128
    xmbcurmax.o                  10
    xprintffull.o             3 990
    xprout.o                     22
    xsprout.o                    10
    -------------------------------------------------
    Total:                    5 954      143      680

m7M_tl.a: [4]
    DblAdd.o                    360
    DblCmpGe.o                   46
    DblCmpLe.o                   46
    DblDiv.o                    582
    DblMul.o                    418
    DblSub.o                    226
    DblToS32.o                   58
    DblToU32.o                   40
    FltAdd.o                    226
    FltCmpEq.o                   28
    FltCmpGe.o                   36
    FltCmpLe.o                   36
    FltDiv.o                    252
    FltMul.o                    216
    FltSub.o                    128
    FltToDbl.o                   72
    S32ToDbl.o                   34
    S32ToFlt.o                   36
    U32ToDbl.o                   26
    frexp.o                     112
    ldexp.o                     314
    -------------------------------------------------
    Total:                    3 292

rt7M_tl.a: [5]
    ABImemclr4.o                  6
    ABImemcpy.o                 166
    ABImemset48.o                58
    I64DivMod.o                 558
    I64DivZer.o                   2
    cexit.o                      14
    cmain.o                      30
    cstart_closeall.o
    cstartup_M.o                 12
    data_init.o                  40
    lz77_init_single.o          122
    memchr.o                     88
    strchr.o                     22
    strlen.o                     54
    zero_init3.o                 64
    -------------------------------------------------
    Total:                    1 236

shb_l.a: [6]
    close.o                      24
    dwrite.o                     30
    exit.o                       20
    iarwrite.o                   34
    iarwstdswo.o                 80
    lseek.o                      74
    remove.o                     20
    write.o                      16
    -------------------------------------------------
    Total:                      298

    Gaps                         44
    Linker created                        32    1 536
-----------------------------------------------------
    Grand Total:             19 102    3 611    3 356


*******************************************************************************
*** ENTRY LIST
***

Entry                      Address   Size  Type      Object
-----                      -------   ----  ----      ------
.iar.init_table$$Base   0x080056a0          --   Gb  - Linker created -
.iar.init_table$$Limit  0x080056c0          --   Gb  - Linker created -
?main                   0x080056c1         Code  Gb  cmain.o [5]
AHBPrescTable           0x08005740   0x10  Data  Gb  system_stm32f1xx.o [1]
APBPrescTable           0x0800576c    0x8  Data  Gb  system_stm32f1xx.o [1]
Aldata                  0x2000070c    0x8  Data  Lc  heap0.o [3]
BusFault_Handler        0x0800571f    0x2  Code  Gb  stm32f1xx_it.o [1]
CSTACK$$Base            0x20000720          --   Gb  - Linker created -
CSTACK$$Limit           0x20000b20          --   Gb  - Linker created -
CacheMore               0x08001101   0x24  Code  Lc  xlocale_c.o [3]
DebugMon_Handler        0x08005725    0x2  Code  Gb  stm32f1xx_it.o [1]
Error_Handler           0x08003eff    0x2  Code  Gb  main.o [1]
HAL_Delay               0x08004839   0x28  Code  Wk  stm32f1xx_hal.o [1]
HAL_GPIO_DeInit         0x080040f1   0xca  Code  Gb  stm32f1xx_hal_gpio.o [1]
HAL_GPIO_Init           0x08003f5d  0x194  Code  Gb  stm32f1xx_hal_gpio.o [1]
HAL_GPIO_WritePin       0x080041bb    0xc  Code  Gb  stm32f1xx_hal_gpio.o [1]
HAL_GetTick             0x08003ac9    0xc  Code  Wk  stm32f1xx_hal.o [1]
HAL_I2C_DeInit          0x08002cf1   0x26  Code  Gb  stm32f1xx_hal_i2c.o [1]
HAL_I2C_Init            0x08002bc1  0x124  Code  Gb  stm32f1xx_hal_i2c.o [1]
HAL_I2C_Master_Transmit
                        0x08002d27   0xbe  Code  Gb  stm32f1xx_hal_i2c.o [1]
HAL_I2C_Mem_Read        0x08002ea7  0x13a  Code  Gb  stm32f1xx_hal_i2c.o [1]
HAL_I2C_MspDeInit       0x080035c3   0x1c  Code  Gb  i2c.o [1]
HAL_I2C_MspInit         0x0800356f   0x54  Code  Gb  i2c.o [1]
HAL_IncTick             0x0800572d   0x10  Code  Wk  stm32f1xx_hal.o [1]
HAL_Init                0x08004cd1   0x20  Code  Gb  stm32f1xx_hal.o [1]
HAL_InitTick            0x080041fd   0x40  Code  Wk  stm32f1xx_hal.o [1]
HAL_MspInit             0x08004ead   0x44  Code  Gb  stm32f1xx_hal_msp.o [1]
HAL_NVIC_SetPriority    0x08004e15   0x3a  Code  Gb  stm32f1xx_hal_cortex.o [1]
HAL_NVIC_SetPriorityGrouping
                        0x08004dfb   0x1a  Code  Gb  stm32f1xx_hal_cortex.o [1]
HAL_RCC_ClockConfig     0x0800391d   0xf6  Code  Gb  stm32f1xx_hal_rcc.o [1]
HAL_RCC_GetPCLK1Freq    0x08003a6d   0x10  Code  Gb  stm32f1xx_hal_rcc.o [1]
HAL_RCC_GetSysClockFreq
                        0x08003a31   0x3c  Code  Gb  stm32f1xx_hal_rcc.o [1]
HAL_RCC_GetSysClockFreq::aPLLMULFactorTable
                        0x08003ab4   0x10  Data  Lc  stm32f1xx_hal_rcc.o [1]
HAL_RCC_GetSysClockFreq::aPredivFactorTable
                        0x08003ac4    0x2  Data  Lc  stm32f1xx_hal_rcc.o [1]
HAL_RCC_OscConfig       0x080035f9  0x31c  Code  Gb  stm32f1xx_hal_rcc.o [1]
HAL_SYSTICK_Config      0x08004e4f   0x28  Code  Gb  stm32f1xx_hal_cortex.o [1]
HEAP$$Base              0x20000b20          --   Gb  - Linker created -
HEAP$$Limit             0x20000d20          --   Gb  - Linker created -
HardFault_Handler       0x0800571b    0x2  Code  Gb  stm32f1xx_it.o [1]
I2C_IsAcknowledgeFailed
                        0x0800350b   0x30  Code  Lc  stm32f1xx_hal_i2c.o [1]
I2C_MasterRequestWrite  0x080031ad   0x8c  Code  Lc  stm32f1xx_hal_i2c.o [1]
I2C_Mem_Write_a8        0x08004765   0x8a  Code  Gb  oled.o [1]
I2C_RequestMemoryRead   0x08003247   0xbe  Code  Lc  stm32f1xx_hal_i2c.o [1]
I2C_WaitOnBTFFlagUntilTimeout
                        0x08003465   0x38  Code  Lc  stm32f1xx_hal_i2c.o [1]
I2C_WaitOnFlagUntilTimeout
                        0x08003345   0x5c  Code  Lc  stm32f1xx_hal_i2c.o [1]
I2C_WaitOnMasterAddressFlagUntilTimeout
                        0x080033a1   0x78  Code  Lc  stm32f1xx_hal_i2c.o [1]
I2C_WaitOnRXNEFlagUntilTimeout
                        0x080034bb   0x50  Code  Lc  stm32f1xx_hal_i2c.o [1]
I2C_WaitOnTXEFlagUntilTimeout
                        0x0800342d   0x38  Code  Lc  stm32f1xx_hal_i2c.o [1]
LoadInt                 0x080002db   0x7a  Code  Lc  xprintffull.o [3]
MX_GPIO_Init            0x08004cf5   0x9e  Code  Gb  gpio.o [1]
MX_I2C1_Init            0x0800353d   0x32  Code  Gb  i2c.o [1]
MemManage_Handler       0x0800571d    0x2  Code  Gb  stm32f1xx_it.o [1]
NMI_Handler             0x08005719    0x2  Code  Gb  stm32f1xx_it.o [1]
PendSV_Handler          0x08005727    0x2  Code  Gb  stm32f1xx_it.o [1]
Region$$Table$$Base     0x080056a0          --   Gb  - Linker created -
Region$$Table$$Limit    0x080056c0          --   Gb  - Linker created -
SSD1306                 0x20000704    0x8  Data  Lc  oled.o [1]
SSD1306_Buffer          0x20000190  0x400  Data  Lc  oled.o [1]
SSD1306_OFF             0x0800481d   0x12  Code  Gb  oled.o [1]
SSD1306_ON              0x080047fd   0x16  Code  Gb  oled.o [1]
SSD1306_buf_write       0x08004753   0x12  Code  Gb  oled.o [1]
SVC_Handler             0x08005723    0x2  Code  Gb  stm32f1xx_it.o [1]
SysTick_Handler         0x08005729    0x4  Code  Gb  stm32f1xx_it.o [1]
SystemClock_Config      0x08003ebd   0x42  Code  Gb  main.o [1]
SystemCoreClock         0x20000014    0x4  Data  Gb  system_stm32f1xx.o [1]
SystemInit              0x0800573d    0x2  Code  Gb  system_stm32f1xx.o [1]
TM_Font11x18            0x08001e64  0xd5c  Data  Gb  fonts.o [1]
TM_Font_11x18           0x20000000    0x8  Data  Gb  fonts.o [1]
TM_SSD1306_DrawCircle   0x0800455b   0xec  Code  Gb  oled.o [1]
TM_SSD1306_DrawFilledCircle
                        0x08004659   0xdc  Code  Gb  oled.o [1]
TM_SSD1306_DrawLine     0x08004459  0x102  Code  Gb  oled.o [1]
TM_SSD1306_DrawPixel    0x08004357   0x38  Code  Gb  oled.o [1]
TM_SSD1306_Fill         0x08004343   0x14  Code  Gb  oled.o [1]
TM_SSD1306_GotoXY       0x080043a5    0xa  Code  Gb  oled.o [1]
TM_SSD1306_Init         0x0800423d   0xea  Code  Gb  oled.o [1]
TM_SSD1306_Putc         0x080043af   0x88  Code  Gb  oled.o [1]
TM_SSD1306_Puts         0x08004437   0x22  Code  Gb  oled.o [1]
TM_SSD1306_UpdateScreen
                        0x08004327   0x1c  Code  Gb  oled.o [1]
UsageFault_Handler      0x08005721    0x2  Code  Gb  stm32f1xx_it.o [1]
_Close_all              0x0800563d   0x3c  Code  Gb  xcloseall.o [3]
_Encoding_8859_1_Mbrlen
                        0x08001199    0x2  Code  Gb  xencoding_8859_1.o [3]
_Encoding_8859_1_Wctomb
                        0x08001187   0x12  Code  Gb  xencoding_8859_1.o [3]
_Files                  0x20000170   0x20  Data  Gb  xfiles.o [3]
_Fofree                 0x080054fd   0x78  Code  Gb  xfofind.o [3]
_Fspos                  0x0800505d   0xd8  Code  Gb  xfspos.o [3]
_Fwprep                 0x080053a7   0xb4  Code  Gb  xfwprep.o [3]
_GenldFull              0x08000d5d  0x274  Code  Lc  xprintffull.o [3]
_LdtobFull              0x08000931  0x3fe  Code  Lc  xprintffull.o [3]
_LitobFull              0x080007d9  0x112  Code  Lc  xprintffull.o [3]
_Locale_lconv           0x20000018   0x38  Data  Lc  xlocale_c.o [3]
_Nnl                    0x080051e1    0xc  Code  Gb  xfgpos.o [3]
_PrintfFull             0x080000ed  0x1d6  Code  Gb  xprintffull.o [3]
_Prout                  0x080056f7   0x16  Code  Gb  xprout.o [3]
_PutcharsFull           0x08000fd1   0x2e  Code  Lc  xprintffull.o [3]
_PutfldFull             0x08000355  0x2d0  Code  Lc  xprintffull.o [3]
_PutstrFull             0x0800071b   0xbe  Code  Lc  xprintffull.o [3]
_PuttxtFull             0x08000625   0xf6  Code  Lc  xprintffull.o [3]
_SProut                 0x0800121b    0xa  Code  Gb  xsprout.o [3]
__NVIC_SetPriority      0x08004ddd   0x1e  Code  Lc  stm32f1xx_hal_cortex.o [1]
__aeabi_cdcmple         0x08001775         Code  Gb  DblCmpLe.o [4]
__aeabi_cdrcmple        0x080017a5         Code  Gb  DblCmpGe.o [4]
__aeabi_cfcmpeq         0x08004861         Code  Gb  FltCmpEq.o [4]
__aeabi_cfcmple         0x080048c5         Code  Gb  FltCmpLe.o [4]
__aeabi_cfrcmple        0x08004929         Code  Gb  FltCmpGe.o [4]
__aeabi_d2iz            0x08001911         Code  Gb  DblToS32.o [4]
__aeabi_d2uiz           0x08001c9d         Code  Gb  DblToU32.o [4]
__aeabi_ddiv            0x08001a55         Code  Gb  DblDiv.o [4]
__aeabi_dmul            0x08001561         Code  Gb  DblMul.o [4]
__aeabi_dsub            0x08001971         Code  Gb  DblSub.o [4]
__aeabi_f2d             0x0800487d         Code  Gb  FltToDbl.o [4]
__aeabi_fadd            0x08004971         Code  Gb  FltAdd.o [4]
__aeabi_fdiv            0x08004a55         Code  Gb  FltDiv.o [4]
__aeabi_fmul            0x08004b79         Code  Gb  FltMul.o [4]
__aeabi_fsub            0x08004c51         Code  Gb  FltSub.o [4]
__aeabi_i2d             0x0800194d         Code  Gb  S32ToDbl.o [4]
__aeabi_i2f             0x0800494d         Code  Gb  S32ToFlt.o [4]
__aeabi_ldiv0           0x08001ce5         Code  Gb  I64DivZer.o [5]
__aeabi_memclr4         0x08003f55         Code  Gb  ABImemclr4.o [5]
__aeabi_memcpy          0x08001289         Code  Gb  ABImemcpy.o [5]
__aeabi_memcpy4         0x080012a9         Code  Gb  ABImemcpy.o [5]
__aeabi_memcpy8         0x080012a9         Code  Gb  ABImemcpy.o [5]
__aeabi_memset4         0x08004da1         Code  Gb  ABImemset48.o [5]
__aeabi_memset8         0x08004da1         Code  Gb  ABImemset48.o [5]
__aeabi_ui2d            0x08001cc5         Code  Gb  U32ToDbl.o [4]
__aeabi_uldivmod        0x08001331         Code  Gb  I64DivMod.o [5]
__basic_free            0x08004f9d   0x16  Code  Gb  heap0.o [3]
__basic_free_intern     0x08004fb3   0x7a  Code  Lc  heap0.o [3]
__basic_malloc          0x08004ef1   0x18  Code  Gb  heap0.o [3]
__basic_malloc_intern   0x08004f09   0x94  Code  Lc  heap0.o [3]
__cexit_closeall        0x080056eb         Code  Gb  cexit.o [5]
__close                 0x0800557d   0x18  Code  Gb  close.o [6]
__cmain                 0x080056c1         Code  Gb  cmain.o [5]
__cstart_closeall       0x08005828         Data  Gb  cstart_closeall.o [5]
__data_GetMemChunk      0x08005031   0x2c  Code  Gb  xgetmemchunk.o [3]
__data_GetMemChunk::start
                        0x20000718    0x4  Data  Lc  xgetmemchunk.o [3]
__dwrite                0x08005315   0x1e  Code  Gb  dwrite.o [6]
__exit                  0x08001e51   0x14  Code  Gb  exit.o [6]
__iar_Fail_s            0x080011a5   0x1c  Code  Gb  xfail_s.o [3]
__iar_Mbcurmax          0x0800127d    0xa  Code  Gb  xmbcurmax.o [3]
__iar_Memchr            0x08001225         Code  Gb  memchr.o [5]
__iar_Memset4_word      0x08004da9         Code  Gb  ABImemset48.o [5]
__iar_Memset8_word      0x08004da9         Code  Gb  ABImemset48.o [5]
__iar_Stderr            0x20000128   0x48  Data  Gb  xfiles.o [3]
__iar_Stdin             0x20000098   0x48  Data  Gb  xfiles.o [3]
__iar_Stdout            0x200000e0   0x48  Data  Gb  xfiles.o [3]
__iar_Strchr            0x08001171         Code  Gb  strchr.o [5]
__iar_dadd              0x08001981         Code  Gb  DblSub.o [4]
__iar_data_init3        0x08005679   0x28  Code  Gb  data_init.o [5]
__iar_dsub              0x08001ce9         Code  Gb  DblAdd.o [4]
__iar_dsubStart         0x08001cfb         Code  Gb  DblAdd.o [4]
__iar_fadd              0x08004c5d         Code  Gb  FltSub.o [4]
__iar_frexp             0x08001711         Code  Gb  frexp.o [4]
__iar_frexp64           0x08001705         Code  Gb  frexp.o [4]
__iar_frexpl            0x08001711         Code  Gb  frexp.o [4]
__iar_fsub              0x0800497d         Code  Gb  FltAdd.o [4]
__iar_fsubStart         0x0800498d         Code  Gb  FltAdd.o [4]
__iar_globLocale        0x20000050   0x48  Data  Lc  xlocale_c.o [3]
__iar_global_Locale     0x080010fd    0x4  Code  Gb  xlocale_c.o [3]
__iar_ldexp64           0x080017d5         Code  Gb  ldexp.o [4]
__iar_lz77_init_single3
                        0x08001083   0x7a  Code  Gb  lz77_init_single.o [5]
__iar_program_start     0x08005761         Code  Gb  cstartup_M.o [5]
__iar_scalbln64         0x080017d5         Code  Gb  ldexp.o [4]
__iar_scalbn64          0x080017d5         Code  Gb  ldexp.o [4]
__iar_sh_Discard        0x08005249   0x42  Code  Gb  XShHandles.o [3]
__iar_sh_Move           0x0800528b   0x46  Code  Gb  XShHandles.o [3]
__iar_sh_Pos            0x080052d1   0x3e  Code  Gb  XShHandles.o [3]
__iar_sh_stdout_swo     0x08005335   0x50  Code  Gb  iarwstdswo.o [6]
__iar_sh_write          0x08005385   0x22  Code  Gb  iarwrite.o [6]
__iar_systems$$module {Abs}
                        0x00000001         Data  Gb  command line/config [2]
__iar_zero_init3        0x080055fd   0x40  Code  Gb  zero_init3.o [5]
__low_level_init        0x080056df    0x4  Code  Gb  low_level_init.o [3]
__lseek                 0x080051ed   0x4a  Code  Gb  lseek.o [6]
__vector_table          0x08000000         Data  Gb  startup_stm32f103xb.o [1]
__write                 0x08005237   0x10  Code  Gb  write.o [6]
_call_main              0x080056cd         Code  Gb  cmain.o [5]
_exit                   0x080056e9         Code  Gb  cexit.o [5]
_gLocale_mblen          0x0800115d    0x4  Code  Gb  xlocale_c.o [3]
_gLocale_mblenInt       0x08001125   0x34  Code  Gb  xlocale_c.o [3]
_gLocale_wctomb         0x08001161    0x4  Code  Gb  xlocale_c.o [3]
_gLocale_wctombInt      0x08001159    0x4  Code  Gb  xlocale_c.o [3]
_main                   0x080056db         Code  Gb  cmain.o [5]
abort                   0x08001cdf    0x6  Code  Gb  abort.o [3]
adjust_temp             0x08003cd1   0x6c  Code  Gb  main.o [1]
display_temp            0x08003c15   0xb2  Code  Gb  main.o [1]
ebuf                    0x20000664   0x50  Data  Lc  xfiles.o [3]
exit                    0x080056e3    0x4  Code  Gb  exit.o [3]
fclose                  0x0800547f   0x7e  Code  Gb  fclose.o [3]
fflush                  0x080051a9   0x34  Code  Gb  fflush.o [3]
fflushOne               0x08005135   0x74  Code  Lc  fflush.o [3]
fputc                   0x080055a9   0x54  Code  Gb  fputc.o [3]
free                    0x08005579    0x4  Code  Gb  heaptramp0.o [3]
frexp                   0x08001705         Code  Gb  frexp.o [4]
frexpl                  0x08001705         Code  Gb  frexp.o [4]
fseek                   0x0800545b   0x24  Code  Gb  fseek.o [3]
hi2c1                   0x20000610   0x54  Data  Gb  i2c.o [1]
ldexp                   0x080017d5         Code  Gb  ldexp.o [4]
ldexpl                  0x080017d5         Code  Gb  ldexp.o [4]
loading_animation       0x08003ad5   0x62  Code  Gb  main.o [1]
localeconv              0x08001165    0x4  Code  Gb  xlocale_c.o [3]
main                    0x08003d59   0xfa  Code  Gb  main.o [1]
measuring_animation     0x08003b37   0x7c  Code  Gb  main.o [1]
memchr                  0x08001225         Code  Gb  memchr.o [5]
obuf                    0x200006b4   0x50  Data  Lc  xfiles.o [3]
printf                  0x08004b51   0x28  Code  Gb  printf.o [3]
process_error           0x08003d3d   0x1c  Code  Gb  main.o [1]
putchar                 0x0800570d    0xc  Code  Gb  putchar.o [3]
remove                  0x08005595   0x14  Code  Gb  remove.o [6]
sFileInfo               0x20000590   0x80  Data  Lc  XShHandles.o [3]
scalbln                 0x080017d5         Code  Gb  ldexp.o [4]
scalblnl                0x080017d5         Code  Gb  ldexp.o [4]
scalbn                  0x080017d5         Code  Gb  ldexp.o [4]
scalbnl                 0x080017d5         Code  Gb  ldexp.o [4]
scale                   0x080008eb   0x46  Code  Lc  xprintffull.o [3]
sec_hand                0x20000714    0x4  Data  Lc  xfail_s.o [3]
sprintf                 0x080048e9   0x40  Code  Gb  sprintf.o [3]
ssd1306_I2C_Write       0x08004e8d   0x1c  Code  Gb  ssd1306.o [1]
strchr                  0x08001171         Code  Gb  strchr.o [5]
strlen                  0x080011e5         Code  Gb  strlen.o [5]
uwTick                  0x2000000c    0x4  Data  Gb  stm32f1xx_hal.o [1]
uwTickFreq              0x20000008    0x1  Data  Gb  stm32f1xx_hal.o [1]
uwTickPrio              0x20000010    0x4  Data  Gb  stm32f1xx_hal.o [1]


[1] = C:\Users\n.kruchkov\Desktop\Projects\Thermo_Board_MLX90614\Thermo_bluepill\EWARM\Thermo_blue\Obj
[2] = command line
[3] = dl7M_tlf.a
[4] = m7M_tl.a
[5] = rt7M_tl.a
[6] = shb_l.a

  19 102 bytes of readonly  code memory
   3 611 bytes of readonly  data memory
   3 356 bytes of readwrite data memory

Errors: none
Warnings: none
