###############################################################################
#
# IAR ELF Linker V8.22.1.15669/W32 for ARM                25/Dec/2020  18:15:03
# Copyright 2007-2018 IAR Systems AB.
#
#    Output file  =  
#        C:\Users\n.kruchkov\Desktop\Projects\Thermo_Board_MLX90614\Thermo_F103\EWARM\Thermo_blue\Exe\Thermo_blue.out
#    Map file     =  
#        C:\Users\n.kruchkov\Desktop\Projects\Thermo_Board_MLX90614\Thermo_F103\EWARM\Thermo_blue\List\Thermo_blue.map
#    Command line =  
#        -f C:\Users\N8153~1.KRU\AppData\Local\Temp\EW6AD3.tmp
#        (C:\Users\n.kruchkov\Desktop\Projects\Thermo_Board_MLX90614\Thermo_F103\EWARM\Thermo_blue\Obj\can.o
#        C:\Users\n.kruchkov\Desktop\Projects\Thermo_Board_MLX90614\Thermo_F103\EWARM\Thermo_blue\Obj\dwt_delay.o
#        C:\Users\n.kruchkov\Desktop\Projects\Thermo_Board_MLX90614\Thermo_F103\EWARM\Thermo_blue\Obj\gpio.o
#        C:\Users\n.kruchkov\Desktop\Projects\Thermo_Board_MLX90614\Thermo_F103\EWARM\Thermo_blue\Obj\i2c.o
#        C:\Users\n.kruchkov\Desktop\Projects\Thermo_Board_MLX90614\Thermo_F103\EWARM\Thermo_blue\Obj\inbus.o
#        C:\Users\n.kruchkov\Desktop\Projects\Thermo_Board_MLX90614\Thermo_F103\EWARM\Thermo_blue\Obj\main.o
#        C:\Users\n.kruchkov\Desktop\Projects\Thermo_Board_MLX90614\Thermo_F103\EWARM\Thermo_blue\Obj\startup_stm32f103xb.o
#        C:\Users\n.kruchkov\Desktop\Projects\Thermo_Board_MLX90614\Thermo_F103\EWARM\Thermo_blue\Obj\stm32f1xx_hal.o
#        C:\Users\n.kruchkov\Desktop\Projects\Thermo_Board_MLX90614\Thermo_F103\EWARM\Thermo_blue\Obj\stm32f1xx_hal_can.o
#        C:\Users\n.kruchkov\Desktop\Projects\Thermo_Board_MLX90614\Thermo_F103\EWARM\Thermo_blue\Obj\stm32f1xx_hal_cortex.o
#        C:\Users\n.kruchkov\Desktop\Projects\Thermo_Board_MLX90614\Thermo_F103\EWARM\Thermo_blue\Obj\stm32f1xx_hal_dma.o
#        C:\Users\n.kruchkov\Desktop\Projects\Thermo_Board_MLX90614\Thermo_F103\EWARM\Thermo_blue\Obj\stm32f1xx_hal_exti.o
#        C:\Users\n.kruchkov\Desktop\Projects\Thermo_Board_MLX90614\Thermo_F103\EWARM\Thermo_blue\Obj\stm32f1xx_hal_flash.o
#        C:\Users\n.kruchkov\Desktop\Projects\Thermo_Board_MLX90614\Thermo_F103\EWARM\Thermo_blue\Obj\stm32f1xx_hal_flash_ex.o
#        C:\Users\n.kruchkov\Desktop\Projects\Thermo_Board_MLX90614\Thermo_F103\EWARM\Thermo_blue\Obj\stm32f1xx_hal_gpio.o
#        C:\Users\n.kruchkov\Desktop\Projects\Thermo_Board_MLX90614\Thermo_F103\EWARM\Thermo_blue\Obj\stm32f1xx_hal_gpio_ex.o
#        C:\Users\n.kruchkov\Desktop\Projects\Thermo_Board_MLX90614\Thermo_F103\EWARM\Thermo_blue\Obj\stm32f1xx_hal_i2c.o
#        C:\Users\n.kruchkov\Desktop\Projects\Thermo_Board_MLX90614\Thermo_F103\EWARM\Thermo_blue\Obj\stm32f1xx_hal_msp.o
#        C:\Users\n.kruchkov\Desktop\Projects\Thermo_Board_MLX90614\Thermo_F103\EWARM\Thermo_blue\Obj\stm32f1xx_hal_pwr.o
#        C:\Users\n.kruchkov\Desktop\Projects\Thermo_Board_MLX90614\Thermo_F103\EWARM\Thermo_blue\Obj\stm32f1xx_hal_rcc.o
#        C:\Users\n.kruchkov\Desktop\Projects\Thermo_Board_MLX90614\Thermo_F103\EWARM\Thermo_blue\Obj\stm32f1xx_hal_rcc_ex.o
#        C:\Users\n.kruchkov\Desktop\Projects\Thermo_Board_MLX90614\Thermo_F103\EWARM\Thermo_blue\Obj\stm32f1xx_hal_tim.o
#        C:\Users\n.kruchkov\Desktop\Projects\Thermo_Board_MLX90614\Thermo_F103\EWARM\Thermo_blue\Obj\stm32f1xx_hal_tim_ex.o
#        C:\Users\n.kruchkov\Desktop\Projects\Thermo_Board_MLX90614\Thermo_F103\EWARM\Thermo_blue\Obj\stm32f1xx_it.o
#        C:\Users\n.kruchkov\Desktop\Projects\Thermo_Board_MLX90614\Thermo_F103\EWARM\Thermo_blue\Obj\system_stm32f1xx.o
#        C:\Users\n.kruchkov\Desktop\Projects\Thermo_Board_MLX90614\Thermo_F103\EWARM\Thermo_blue\Obj\tim.o
#        --redirect _Printf=_PrintfFull --redirect _Scanf=_ScanfFull -o
#        C:\Users\n.kruchkov\Desktop\Projects\Thermo_Board_MLX90614\Thermo_F103\EWARM\Thermo_blue\Exe\Thermo_blue.out
#        --map
#        C:\Users\n.kruchkov\Desktop\Projects\Thermo_Board_MLX90614\Thermo_F103\EWARM\Thermo_blue\List\Thermo_blue.map
#        --config
#        C:\Users\n.kruchkov\Desktop\Projects\Thermo_Board_MLX90614\Thermo_F103\EWARM/stm32f103xb_flash.icf
#        --semihosting --entry __iar_program_start --redirect
#        __write=__write_buffered --redirect
#        __iar_sh_stdout=__iar_sh_stdout_swo --vfe --text_out locale)
#
###############################################################################

*******************************************************************************
*** RUNTIME MODEL ATTRIBUTES
***

CppFlavor       = *
__Heap_Handler  = Basic
__SystemLibrary = DLib
__dlib_version  = 6


*******************************************************************************
*** HEAP SELECTION
***

The basic heap was selected because no calls to memory allocation
functions were found in the application outside of system library
functions, and there are calls to deallocation functions in the
application.


*******************************************************************************
*** PLACEMENT SUMMARY
***

"A0":  place at 0x08000000 { ro section .intvec };
"P1":  place in [from 0x08000000 to 0x0801ffff] { ro };
define block CSTACK with size = 1K, alignment = 8 { };
define block HEAP with size = 512, alignment = 8 { };
"P2":  place in [from 0x20000000 to 0x20004fff] {
          rw, block CSTACK, block HEAP };
initialize by copy { rw };

  Section            Kind        Address    Size  Object
  -------            ----        -------    ----  ------
"A0":                                       0xec
  .intvec            ro code  0x08000000    0xec  startup_stm32f103xb.o [1]
                            - 0x080000ec    0xec

"P1":                                     0x5091
  .text              ro code  0x080000ec   0xf96  xprintffull.o [3]
  .text              ro code  0x08001082    0x7a  lz77_init_single.o [5]
  .text              ro code  0x080010fc    0x74  xlocale_c.o [3]
  .text              ro code  0x08001170    0x16  strchr.o [5]
  .text              ro code  0x08001186    0x1e  xencoding_8859_1.o [3]
  .text              ro code  0x080011a4    0x40  xfail_s.o [3]
  .text              ro code  0x080011e4    0x36  strlen.o [5]
  .text              ro code  0x0800121c    0x58  memchr.o [5]
  .text              ro code  0x08001274     0xa  xmbcurmax.o [3]
  .text              ro code  0x08001280    0xa6  ABImemcpy.o [5]
  .text              ro code  0x08001328   0x22e  I64DivMod.o [5]
  .text              ro code  0x08001558   0x1a2  DblMul.o [4]
  .text              ro code  0x080016fc    0x70  frexp.o [4]
  .text              ro code  0x0800176c    0x2e  DblCmpLe.o [4]
  .text              ro code  0x0800179c    0x2e  DblCmpGe.o [4]
  .text              ro code  0x080017cc   0x13a  ldexp.o [4]
  .text              ro code  0x08001908    0x3a  DblToS32.o [4]
  .text              ro code  0x08001944    0x22  S32ToDbl.o [4]
  .text              ro code  0x08001968    0xe2  DblSub.o [4]
  .text              ro code  0x08001a4c   0x246  DblDiv.o [4]
  .text              ro code  0x08001c94    0x28  DblToU32.o [4]
  .text              ro code  0x08001cbc    0x1a  U32ToDbl.o [4]
  .text              ro code  0x08001cd6     0x6  abort.o [3]
  .text              ro code  0x08001cdc     0x2  I64DivZer.o [5]
  .text              ro code  0x08001ce0   0x168  DblAdd.o [4]
  .text              ro code  0x08001e48    0x14  exit.o [6]
  .text              ro code  0x08001e5c   0x716  stm32f1xx_hal_i2c.o [1]
  .text              ro code  0x08002574    0x9c  i2c.o [1]
  .text              ro code  0x08002610   0x4ce  stm32f1xx_hal_rcc.o [1]
  .text              ro code  0x08002ae0     0xc  stm32f1xx_hal.o [1]
  .text              ro code  0x08002aec   0x4ec  main.o [1]
  .text              ro code  0x08002fd8     0x6  ABImemclr4.o [5]
  .text              ro code  0x08002fe0   0x1d4  stm32f1xx_hal_gpio.o [1]
  .text              ro code  0x080031b4    0x40  stm32f1xx_hal.o [1]
  .text              ro code  0x080031f4   0x63c  stm32f1xx_hal_can.o [1]
  .text              ro code  0x08003830    0x24  S32ToFlt.o [4]
  .text              ro code  0x08003854    0xe2  FltAdd.o [4]
  .text              ro code  0x08003938    0xfc  FltDiv.o [4]
  .text              ro code  0x08003a34    0x28  printf.o [3]
  .text              ro code  0x08003a5c    0x1c  U32ToFlt.o [4]
  .text              ro code  0x08003a78    0xd8  FltMul.o [4]
  .text              ro code  0x08003b50    0x22  FltToU32.o [4]
  .text              ro code  0x08003b74    0x28  stm32f1xx_hal.o [1]
  .text              ro code  0x08003b9c    0x48  FltToDbl.o [4]
  .text              ro code  0x08003be4    0x80  FltSub.o [4]
  .text              ro code  0x08003c64    0x24  stm32f1xx_hal.o [1]
  .text              ro code  0x08003c88    0x28  dwt_delay.o [1]
  .text              ro code  0x08003cb0    0xd4  gpio.o [1]
  .text              ro code  0x08003d84    0xf0  tim.o [1]
  .text              ro code  0x08003e74    0xcc  can.o [1]
  .text              ro code  0x08003f40    0xc4  inbus.o [1]
  .text              ro code  0x08004004   0x4d4  stm32f1xx_hal_tim.o [1]
  .text              ro code  0x080044d8    0x24  FltCmpGe.o [4]
  .text              ro code  0x080044fc    0x2a  FltToS32.o [4]
  .text              ro code  0x08004528    0x32  ABImemset48.o [5]
  .text              ro code  0x0800455c    0xc8  stm32f1xx_hal_cortex.o [1]
  .text              ro code  0x08004624     0x2  stm32f1xx_hal_can.o [1]
  .text              ro code  0x08004626     0x2  stm32f1xx_hal_can.o [1]
  .text              ro code  0x08004628     0x2  stm32f1xx_hal_can.o [1]
  .text              ro code  0x0800462a     0x2  stm32f1xx_hal_can.o [1]
  .text              ro code  0x0800462c     0x2  stm32f1xx_hal_can.o [1]
  .text              ro code  0x0800462e     0x2  stm32f1xx_hal_can.o [1]
  .text              ro code  0x08004630     0x2  stm32f1xx_hal_can.o [1]
  .text              ro code  0x08004632     0x2  stm32f1xx_hal_can.o [1]
  .text              ro code  0x08004634     0x2  stm32f1xx_hal_can.o [1]
  .text              ro code  0x08004636     0x2  stm32f1xx_hal_can.o [1]
  .text              ro code  0x08004638     0x2  stm32f1xx_hal_can.o [1]
  .text              ro code  0x0800463a     0x2  stm32f1xx_hal_can.o [1]
  .text              ro code  0x0800463c    0x44  stm32f1xx_hal_msp.o [1]
  .text              ro code  0x08004680    0x64  stm32f1xx_hal_tim_ex.o [1]
  .text              ro code  0x080046e4     0x2  stm32f1xx_hal_tim.o [1]
  .text              ro code  0x080046e6     0x2  stm32f1xx_hal_tim.o [1]
  .text              ro code  0x080046e8     0x2  stm32f1xx_hal_tim.o [1]
  .text              ro code  0x080046ea     0x2  stm32f1xx_hal_tim_ex.o [1]
  .text              ro code  0x080046ec     0x2  stm32f1xx_hal_tim.o [1]
  .text              ro code  0x080046ee     0x2  stm32f1xx_hal_tim_ex.o [1]
  .text              ro code  0x080046f0     0x2  stm32f1xx_hal_tim.o [1]
  .text              ro code  0x080046f4   0x140  heap0.o [3]
  .text              ro code  0x08004834    0x2c  xgetmemchunk.o [3]
  .text              ro code  0x08004860    0xd8  xfspos.o [3]
  .text              ro code  0x08004938    0xac  fflush.o [3]
  .text              ro code  0x080049e4     0xc  xfgpos.o [3]
  .text              ro code  0x080049f0    0x4a  lseek.o [6]
  .text              ro code  0x08004a3c    0xbc  xxwritebuffered.o [3]
  .text              ro code  0x08004af8    0xcc  XShHandles.o [3]
  .text              ro code  0x08004bc4    0x1e  dwrite.o [6]
  .text              ro code  0x08004be4    0x50  iarwstdswo.o [6]
  .text              ro code  0x08004c34    0x22  iarwrite.o [6]
  .text              ro code  0x08004c56    0xb4  xfwprep.o [3]
  .text              ro code  0x08004d0a    0x24  fseek.o [3]
  .text              ro code  0x08004d2e    0x7e  fclose.o [3]
  .text              ro code  0x08004dac    0x7c  xfofind.o [3]
  .text              ro code  0x08004e28     0x4  heaptramp0.o [3]
  .text              ro code  0x08004e2c    0x18  close.o [6]
  .text              ro code  0x08004e44    0x14  remove.o [6]
  .text              ro code  0x08004e58    0x54  fputc.o [3]
  .text              ro code  0x08004eac    0x40  zero_init3.o [5]
  .text              ro code  0x08004eec    0x3c  xcloseall.o [3]
  .text              ro code  0x08004f28    0x2c  stm32f1xx_it.o [1]
  .text              ro code  0x08004f54    0x10  stm32f1xx_hal.o [1]
  .text              ro code  0x08004f64    0x28  data_init.o [5]
  .iar.init_table    const    0x08004f8c    0x20  - Linker created -
  .text              ro code  0x08004fac    0x1e  cmain.o [5]
  .text              ro code  0x08004fca     0x4  low_level_init.o [3]
  .text              ro code  0x08004fce     0x4  exit.o [3]
  .text              ro code  0x08004fd4     0xe  cexit.o [5]
  .text              ro code  0x08004fe2    0x16  xprout.o [3]
  .text              ro code  0x08004ff8     0xc  putchar.o [3]
  .text              ro code  0x08005004    0x14  system_stm32f1xx.o [1]
  .text              ro code  0x08005018    0x10  startup_stm32f103xb.o [1]
  .text              ro code  0x08005028     0xc  cstartup_M.o [5]
  .rodata            const    0x08005034     0x8  system_stm32f1xx.o [1]
  .rodata            const    0x0800503c     0x6  xlocale_c.o [3]
  .text              ro code  0x08005042     0x4  startup_stm32f103xb.o [1]
  .text              ro code  0x08005046     0x4  startup_stm32f103xb.o [1]
  .text              ro code  0x0800504a     0x4  startup_stm32f103xb.o [1]
  .text              ro code  0x0800504e     0x4  startup_stm32f103xb.o [1]
  .text              ro code  0x08005052     0x4  startup_stm32f103xb.o [1]
  .text              ro code  0x08005056     0x4  startup_stm32f103xb.o [1]
  .text              ro code  0x0800505a     0x4  startup_stm32f103xb.o [1]
  .text              ro code  0x0800505e     0x4  startup_stm32f103xb.o [1]
  .text              ro code  0x08005062     0x4  startup_stm32f103xb.o [1]
  .text              ro code  0x08005066     0x4  startup_stm32f103xb.o [1]
  .text              ro code  0x0800506a     0x4  startup_stm32f103xb.o [1]
  .text              ro code  0x0800506e     0x4  startup_stm32f103xb.o [1]
  .text              ro code  0x08005072     0x4  startup_stm32f103xb.o [1]
  .text              ro code  0x08005076     0x4  startup_stm32f103xb.o [1]
  .text              ro code  0x0800507a     0x4  startup_stm32f103xb.o [1]
  .text              ro code  0x0800507e     0x4  startup_stm32f103xb.o [1]
  .text              ro code  0x08005082     0x4  startup_stm32f103xb.o [1]
  .text              ro code  0x08005086     0x4  startup_stm32f103xb.o [1]
  .text              ro code  0x0800508a     0x4  startup_stm32f103xb.o [1]
  .text              ro code  0x0800508e     0x4  startup_stm32f103xb.o [1]
  .text              ro code  0x08005092     0x4  startup_stm32f103xb.o [1]
  .text              ro code  0x08005096     0x4  startup_stm32f103xb.o [1]
  .text              ro code  0x0800509a     0x4  startup_stm32f103xb.o [1]
  .text              ro code  0x0800509e     0x4  startup_stm32f103xb.o [1]
  .text              ro code  0x080050a2     0x4  startup_stm32f103xb.o [1]
  .text              ro code  0x080050a6     0x4  startup_stm32f103xb.o [1]
  .text              ro code  0x080050aa     0x4  startup_stm32f103xb.o [1]
  .text              ro code  0x080050ae     0x4  startup_stm32f103xb.o [1]
  .text              ro code  0x080050b2     0x4  startup_stm32f103xb.o [1]
  .text              ro code  0x080050b6     0x4  startup_stm32f103xb.o [1]
  .text              ro code  0x080050ba     0x4  startup_stm32f103xb.o [1]
  .text              ro code  0x080050be     0x4  startup_stm32f103xb.o [1]
  .text              ro code  0x080050c2     0x4  startup_stm32f103xb.o [1]
  .text              ro code  0x080050c6     0x4  startup_stm32f103xb.o [1]
  .text              ro code  0x080050ca     0x4  startup_stm32f103xb.o [1]
  .text              ro code  0x080050ce     0x4  startup_stm32f103xb.o [1]
  .text              ro code  0x080050d2     0x4  startup_stm32f103xb.o [1]
  .text              ro code  0x080050d6     0x4  startup_stm32f103xb.o [1]
  .text              ro code  0x080050da     0x4  startup_stm32f103xb.o [1]
  .text              ro code  0x080050de     0x4  startup_stm32f103xb.o [1]
  .text              ro code  0x080050e4     0x0  cstart_closeall.o [5]
  .rodata            const    0x080050e4     0x0  zero_init3.o [5]
  .rodata            const    0x080050e4     0x0  lz77_init_single.o [5]
  Initializer bytes  const    0x080050e4    0x99  <for P2-1>
                            - 0x0800517d  0x5091

"P2", part 1 of 3:                         0x1a0
  P2-1                        0x20000000   0x1a0  <Init block>
    .data            inited   0x20000000    0x18  main.o [1]
    .data            inited   0x20000018     0xc  stm32f1xx_hal.o [1]
    .data            inited   0x20000024     0x4  system_stm32f1xx.o [1]
    .data            inited   0x20000028    0x38  xlocale_c.o [3]
    .data            inited   0x20000060    0x48  xlocale_c.o [3]
    .data            inited   0x200000a8    0x48  xfiles.o [3]
    .data            inited   0x200000f0    0x48  xfiles.o [3]
    .data            inited   0x20000138    0x48  xfiles.o [3]
    .data            inited   0x20000180    0x20  xfiles.o [3]
                            - 0x200001a0   0x1a0

"P2", part 2 of 3:                         0x268
  .bss               zero     0x200001a0    0x80  XShHandles.o [3]
  .bss               zero     0x20000220    0x54  i2c.o [1]
  .bss               zero     0x20000274    0x54  xxwritebuffered.o [3]
  .bss               zero     0x200002c8    0x50  xfiles.o [3]
  .bss               zero     0x20000318    0x50  xfiles.o [3]
  .bss               zero     0x20000368    0x48  tim.o [1]
  .bss               zero     0x200003b0    0x28  can.o [1]
  .bss               zero     0x200003d8    0x18  main.o [1]
  .bss               zero     0x200003f0     0x8  inbus.o [1]
  .bss               zero     0x200003f8     0x8  heap0.o [3]
  .bss               zero     0x20000400     0x4  xfail_s.o [3]
  .bss               zero     0x20000404     0x4  xgetmemchunk.o [3]
                            - 0x20000408   0x268

"P2", part 3 of 3:                         0x670
  .noinit            uninit   0x20000408    0x6c  inbus.o [1]
  CSTACK                      0x20000478   0x400  <Block>
    CSTACK           uninit   0x20000478   0x400  <Block tail>
  HEAP                        0x20000878   0x200  <Block>
    HEAP             uninit   0x20000878   0x200  <Block tail>
                            - 0x20000a78   0x670


*******************************************************************************
*** INIT TABLE
***

          Address     Size
          -------     ----
Zero (__iar_zero_init3)
    1 destination range, total size 0x268:
          0x200001a0  0x268

Copy/lz77 (__iar_lz77_init_single3)
    1 source range, total size 0x99 (36% of destination):
          0x080050e4   0x99
    1 destination range, total size 0x1a0:
          0x20000000  0x1a0



*******************************************************************************
*** MODULE SUMMARY
***

    Module                  ro code  ro data  rw data
    ------                  -------  -------  -------
C:\Users\n.kruchkov\Desktop\Projects\Thermo_Board_MLX90614\Thermo_F103\EWARM\Thermo_blue\Obj: [1]
    can.o                       204                40
    dwt_delay.o                  40
    gpio.o                      212
    i2c.o                       156                84
    inbus.o                     196               116
    main.o                    1 260        8       48
    startup_stm32f103xb.o       412
    stm32f1xx_hal.o             168        5       12
    stm32f1xx_hal_can.o       1 620
    stm32f1xx_hal_cortex.o      200
    stm32f1xx_hal_gpio.o        468
    stm32f1xx_hal_i2c.o       1 814
    stm32f1xx_hal_msp.o          68
    stm32f1xx_hal_rcc.o       1 230
    stm32f1xx_hal_tim.o       1 246
    stm32f1xx_hal_tim_ex.o      104
    stm32f1xx_it.o               44
    system_stm32f1xx.o           20        9        4
    tim.o                       240                72
    -------------------------------------------------
    Total:                    9 702       22      376

command line: [2]
    -------------------------------------------------
    Total:

dl7M_tlf.a: [3]
    XShHandles.o                204               128
    abort.o                       6
    exit.o                        4
    fclose.o                    126
    fflush.o                    172
    fputc.o                      84
    fseek.o                      36
    heap0.o                     320                 8
    heaptramp0.o                  4
    low_level_init.o              4
    printf.o                     40
    putchar.o                    12
    xcloseall.o                  60
    xencoding_8859_1.o           30
    xfail_s.o                    64                 4
    xfgpos.o                     12
    xfiles.o                              92      408
    xfofind.o                   124
    xfspos.o                    216
    xfwprep.o                   180
    xgetmemchunk.o               44                 4
    xlocale_c.o                 116       53      128
    xmbcurmax.o                  10
    xprintffull.o             3 990
    xprout.o                     22
    xxwritebuffered.o           188                84
    -------------------------------------------------
    Total:                    6 068      145      764

m7M_tl.a: [4]
    DblAdd.o                    360
    DblCmpGe.o                   46
    DblCmpLe.o                   46
    DblDiv.o                    582
    DblMul.o                    418
    DblSub.o                    226
    DblToS32.o                   58
    DblToU32.o                   40
    FltAdd.o                    226
    FltCmpGe.o                   36
    FltDiv.o                    252
    FltMul.o                    216
    FltSub.o                    128
    FltToDbl.o                   72
    FltToS32.o                   42
    FltToU32.o                   34
    S32ToDbl.o                   34
    S32ToFlt.o                   36
    U32ToDbl.o                   26
    U32ToFlt.o                   28
    frexp.o                     112
    ldexp.o                     314
    -------------------------------------------------
    Total:                    3 332

rt7M_tl.a: [5]
    ABImemclr4.o                  6
    ABImemcpy.o                 166
    ABImemset48.o                50
    I64DivMod.o                 558
    I64DivZer.o                   2
    cexit.o                      14
    cmain.o                      30
    cstart_closeall.o
    cstartup_M.o                 12
    data_init.o                  40
    lz77_init_single.o          122
    memchr.o                     88
    strchr.o                     22
    strlen.o                     54
    zero_init3.o                 64
    -------------------------------------------------
    Total:                    1 228

shb_l.a: [6]
    close.o                      24
    dwrite.o                     30
    exit.o                       20
    iarwrite.o                   34
    iarwstdswo.o                 80
    lseek.o                      74
    remove.o                     20
    -------------------------------------------------
    Total:                      282

    Gaps                         50
    Linker created                        32    1 536
-----------------------------------------------------
    Grand Total:             20 662      199    2 676


*******************************************************************************
*** ENTRY LIST
***

Entry                      Address   Size  Type      Object
-----                      -------   ----  ----      ------
.iar.init_table$$Base   0x08004f8c          --   Gb  - Linker created -
.iar.init_table$$Limit  0x08004fac          --   Gb  - Linker created -
?main                   0x08004fad         Code  Gb  cmain.o [5]
AHBPrescTable           0x08005008   0x10  Data  Gb  system_stm32f1xx.o [1]
APBPrescTable           0x08005034    0x8  Data  Gb  system_stm32f1xx.o [1]
Aldata                  0x200003f8    0x8  Data  Lc  heap0.o [3]
BusFault_Handler        0x08004f2f    0x2  Code  Gb  stm32f1xx_it.o [1]
CSTACK$$Base            0x20000478          --   Gb  - Linker created -
CSTACK$$Limit           0x20000878          --   Gb  - Linker created -
CacheMore               0x08001101   0x24  Code  Lc  xlocale_c.o [3]
DWT_Init                0x08003c89   0x20  Code  Gb  dwt_delay.o [1]
DebugMon_Handler        0x08004f35    0x2  Code  Gb  stm32f1xx_it.o [1]
Err                     0x20000004    0x1  Data  Gb  main.o [1]
Error_Handler           0x08002f39    0x2  Code  Gb  main.o [1]
HAL_CAN_ActivateNotification
                        0x0800361d   0x16  Code  Gb  stm32f1xx_hal_can.o [1]
HAL_CAN_AddTxMessage    0x08003443   0xb6  Code  Gb  stm32f1xx_hal_can.o [1]
HAL_CAN_ConfigFilter    0x08003303   0xc0  Code  Gb  stm32f1xx_hal_can.o [1]
HAL_CAN_GetRxMessage    0x0800351f   0xea  Code  Gb  stm32f1xx_hal_can.o [1]
HAL_CAN_IRQHandler      0x08003639  0x1f8  Code  Gb  stm32f1xx_hal_can.o [1]
HAL_CAN_Init            0x080031f5  0x10e  Code  Gb  stm32f1xx_hal_can.o [1]
HAL_CAN_MspInit         0x08003ea5   0x8c  Code  Gb  can.o [1]
HAL_CAN_RxFifo0MsgPendingCallback
                        0x08003fdb   0x1c  Code  Gb  inbus.o [1]
HAL_CAN_Start           0x080033d1   0x4c  Code  Gb  stm32f1xx_hal_can.o [1]
HAL_Delay               0x08003b75   0x28  Code  Wk  stm32f1xx_hal.o [1]
HAL_GPIO_Init           0x08002fe1  0x194  Code  Gb  stm32f1xx_hal_gpio.o [1]
HAL_GPIO_WritePin       0x08003175    0xc  Code  Gb  stm32f1xx_hal_gpio.o [1]
HAL_GetTick             0x08002ae1    0xc  Code  Wk  stm32f1xx_hal.o [1]
HAL_I2C_Init            0x08001e5d  0x124  Code  Gb  stm32f1xx_hal_i2c.o [1]
HAL_I2C_Mem_Read        0x08001fd9  0x13a  Code  Gb  stm32f1xx_hal_i2c.o [1]
HAL_I2C_MspInit         0x080025a7   0x54  Code  Gb  i2c.o [1]
HAL_IncTick             0x08004f55   0x10  Code  Wk  stm32f1xx_hal.o [1]
HAL_Init                0x08003c65   0x20  Code  Gb  stm32f1xx_hal.o [1]
HAL_InitTick            0x080031b5   0x40  Code  Wk  stm32f1xx_hal.o [1]
HAL_MspInit             0x0800463d   0x44  Code  Gb  stm32f1xx_hal_msp.o [1]
HAL_NVIC_EnableIRQ      0x080045cf   0x16  Code  Gb  stm32f1xx_hal_cortex.o [1]
HAL_NVIC_SetPriority    0x08004595   0x3a  Code  Gb  stm32f1xx_hal_cortex.o [1]
HAL_NVIC_SetPriorityGrouping
                        0x0800457b   0x1a  Code  Gb  stm32f1xx_hal_cortex.o [1]
HAL_RCC_ClockConfig     0x08002935   0xf6  Code  Gb  stm32f1xx_hal_rcc.o [1]
HAL_RCC_GetPCLK1Freq    0x08002a85   0x10  Code  Gb  stm32f1xx_hal_rcc.o [1]
HAL_RCC_GetSysClockFreq
                        0x08002a49   0x3c  Code  Gb  stm32f1xx_hal_rcc.o [1]
HAL_RCC_GetSysClockFreq::aPLLMULFactorTable
                        0x08002acc   0x10  Data  Lc  stm32f1xx_hal_rcc.o [1]
HAL_RCC_GetSysClockFreq::aPredivFactorTable
                        0x08002adc    0x2  Data  Lc  stm32f1xx_hal_rcc.o [1]
HAL_RCC_OscConfig       0x08002611  0x31c  Code  Gb  stm32f1xx_hal_rcc.o [1]
HAL_SYSTICK_Config      0x080045e5   0x28  Code  Gb  stm32f1xx_hal_cortex.o [1]
HAL_TIMEx_BreakCallback
                        0x080046eb    0x2  Code  Wk  stm32f1xx_hal_tim_ex.o [1]
HAL_TIMEx_CommutCallback
                        0x080046ef    0x2  Code  Wk  stm32f1xx_hal_tim_ex.o [1]
HAL_TIMEx_MasterConfigSynchronization
                        0x08004681   0x56  Code  Gb  stm32f1xx_hal_tim_ex.o [1]
HAL_TIM_IC_ConfigChannel
                        0x080042c5   0xfc  Code  Gb  stm32f1xx_hal_tim.o [1]
HAL_TIM_IC_Init         0x08004059   0x1c  Code  Gb  stm32f1xx_hal_tim.o [1]
HAL_TIM_IC_MspInit      0x08003df9   0x64  Code  Gb  tim.o [1]
HAL_TIM_IC_Start_IT     0x08004085   0xb4  Code  Gb  stm32f1xx_hal_tim.o [1]
HAL_TIM_IRQHandler      0x0800417d  0x142  Code  Gb  stm32f1xx_hal_tim.o [1]
HEAP$$Base              0x20000878          --   Gb  - Linker created -
HEAP$$Limit             0x20000a78          --   Gb  - Linker created -
HardFault_Handler       0x08004f2b    0x2  Code  Gb  stm32f1xx_it.o [1]
I2C_IsAcknowledgeFailed
                        0x08002543   0x30  Code  Lc  stm32f1xx_hal_i2c.o [1]
I2C_RequestMemoryRead   0x080022bd   0xbe  Code  Lc  stm32f1xx_hal_i2c.o [1]
I2C_WaitOnFlagUntilTimeout
                        0x080023b5   0x5c  Code  Lc  stm32f1xx_hal_i2c.o [1]
I2C_WaitOnMasterAddressFlagUntilTimeout
                        0x08002411   0x78  Code  Lc  stm32f1xx_hal_i2c.o [1]
I2C_WaitOnRXNEFlagUntilTimeout
                        0x080024f3   0x50  Code  Lc  stm32f1xx_hal_i2c.o [1]
I2C_WaitOnTXEFlagUntilTimeout
                        0x0800249d   0x38  Code  Lc  stm32f1xx_hal_i2c.o [1]
LoadInt                 0x080002db   0x7a  Code  Lc  xprintffull.o [3]
MX_CAN_Init             0x08003e75   0x30  Code  Gb  can.o [1]
MX_GPIO_Init            0x08003cb1   0xc2  Code  Gb  gpio.o [1]
MX_I2C1_Init            0x08002575   0x32  Code  Gb  i2c.o [1]
MX_TIM1_Init            0x08003d85   0x74  Code  Gb  tim.o [1]
MemManage_Handler       0x08004f2d    0x2  Code  Gb  stm32f1xx_it.o [1]
NMI_Handler             0x08004f29    0x2  Code  Gb  stm32f1xx_it.o [1]
PendSV_Handler          0x08004f37    0x2  Code  Gb  stm32f1xx_it.o [1]
Region$$Table$$Base     0x08004f8c          --   Gb  - Linker created -
Region$$Table$$Limit    0x08004fac          --   Gb  - Linker created -
RxMsgHdr                0x20000458   0x1c  Data  Gb  inbus.o [1]
SVC_Handler             0x08004f33    0x2  Code  Gb  stm32f1xx_it.o [1]
SysTick_Handler         0x08004f39    0x4  Code  Gb  stm32f1xx_it.o [1]
SystemClock_Config      0x08002ef3   0x46  Code  Gb  main.o [1]
SystemCoreClock         0x20000024    0x4  Data  Gb  system_stm32f1xx.o [1]
SystemInit              0x08005005    0x2  Code  Gb  system_stm32f1xx.o [1]
TIM1_CC_IRQHandler      0x08004f47    0x6  Code  Gb  stm32f1xx_it.o [1]
TIM_Base_SetConfig      0x080043cd   0x5e  Code  Gb  stm32f1xx_hal_tim.o [1]
TIM_CCxChannelCmd       0x080044bd   0x16  Code  Gb  stm32f1xx_hal_tim.o [1]
TIM_TI1_SetConfig       0x0800442b   0x4e  Code  Gb  stm32f1xx_hal_tim.o [1]
TIM_TI2_SetConfig       0x08004489   0x34  Code  Lc  stm32f1xx_hal_tim.o [1]
TxHeader1               0x200003d8   0x18  Data  Gb  main.o [1]
TxMailbox               0x200003f4    0x4  Data  Gb  inbus.o [1]
TxMsgHdr                0x20000440   0x18  Data  Gb  inbus.o [1]
USB_HP_CAN1_TX_IRQHandler
                        0x08004f3d    0x2  Code  Gb  stm32f1xx_it.o [1]
USB_LP_CAN1_RX0_IRQHandler
                        0x08004f3f    0x2  Code  Gb  stm32f1xx_it.o [1]
UsageFault_Handler      0x08004f31    0x2  Code  Gb  stm32f1xx_it.o [1]
_Close_all              0x08004eed   0x3c  Code  Gb  xcloseall.o [3]
_Encoding_8859_1_Mbrlen
                        0x08001199    0x2  Code  Gb  xencoding_8859_1.o [3]
_Encoding_8859_1_Wctomb
                        0x08001187   0x12  Code  Gb  xencoding_8859_1.o [3]
_Files                  0x20000180   0x20  Data  Gb  xfiles.o [3]
_Fofree                 0x08004dad   0x78  Code  Gb  xfofind.o [3]
_Fspos                  0x08004861   0xd8  Code  Gb  xfspos.o [3]
_Fwprep                 0x08004c57   0xb4  Code  Gb  xfwprep.o [3]
_GenldFull              0x08000d5d  0x274  Code  Lc  xprintffull.o [3]
_LdtobFull              0x08000931  0x3fe  Code  Lc  xprintffull.o [3]
_LitobFull              0x080007d9  0x112  Code  Lc  xprintffull.o [3]
_Locale_lconv           0x20000028   0x38  Data  Lc  xlocale_c.o [3]
_Nnl                    0x080049e5    0xc  Code  Gb  xfgpos.o [3]
_PrintfFull             0x080000ed  0x1d6  Code  Gb  xprintffull.o [3]
_Prout                  0x08004fe3   0x16  Code  Gb  xprout.o [3]
_PutcharsFull           0x08000fd1   0x2e  Code  Lc  xprintffull.o [3]
_PutfldFull             0x08000355  0x2d0  Code  Lc  xprintffull.o [3]
_PutstrFull             0x0800071b   0xbe  Code  Lc  xprintffull.o [3]
_PuttxtFull             0x08000625   0xf6  Code  Lc  xprintffull.o [3]
__NVIC_SetPriority      0x0800455d   0x1e  Code  Lc  stm32f1xx_hal_cortex.o [1]
__aeabi_cdcmple         0x0800176d         Code  Gb  DblCmpLe.o [4]
__aeabi_cdrcmple        0x0800179d         Code  Gb  DblCmpGe.o [4]
__aeabi_cfrcmple        0x080044d9         Code  Gb  FltCmpGe.o [4]
__aeabi_d2iz            0x08001909         Code  Gb  DblToS32.o [4]
__aeabi_d2uiz           0x08001c95         Code  Gb  DblToU32.o [4]
__aeabi_ddiv            0x08001a4d         Code  Gb  DblDiv.o [4]
__aeabi_dmul            0x08001559         Code  Gb  DblMul.o [4]
__aeabi_dsub            0x08001969         Code  Gb  DblSub.o [4]
__aeabi_f2d             0x08003b9d         Code  Gb  FltToDbl.o [4]
__aeabi_f2iz            0x080044fd         Code  Gb  FltToS32.o [4]
__aeabi_f2uiz           0x08003b51         Code  Gb  FltToU32.o [4]
__aeabi_fadd            0x08003855         Code  Gb  FltAdd.o [4]
__aeabi_fdiv            0x08003939         Code  Gb  FltDiv.o [4]
__aeabi_fmul            0x08003a79         Code  Gb  FltMul.o [4]
__aeabi_fsub            0x08003be5         Code  Gb  FltSub.o [4]
__aeabi_i2d             0x08001945         Code  Gb  S32ToDbl.o [4]
__aeabi_i2f             0x08003831         Code  Gb  S32ToFlt.o [4]
__aeabi_ldiv0           0x08001cdd         Code  Gb  I64DivZer.o [5]
__aeabi_memclr4         0x08002fd9         Code  Gb  ABImemclr4.o [5]
__aeabi_memcpy          0x08001281         Code  Gb  ABImemcpy.o [5]
__aeabi_memcpy4         0x080012a1         Code  Gb  ABImemcpy.o [5]
__aeabi_memcpy8         0x080012a1         Code  Gb  ABImemcpy.o [5]
__aeabi_ui2d            0x08001cbd         Code  Gb  U32ToDbl.o [4]
__aeabi_ui2f            0x08003a5d         Code  Gb  U32ToFlt.o [4]
__aeabi_uldivmod        0x08001329         Code  Gb  I64DivMod.o [5]
__basic_free            0x080047a1   0x16  Code  Gb  heap0.o [3]
__basic_free_intern     0x080047b7   0x7a  Code  Lc  heap0.o [3]
__basic_malloc          0x080046f5   0x18  Code  Gb  heap0.o [3]
__basic_malloc_intern   0x0800470d   0x94  Code  Lc  heap0.o [3]
__cexit_closeall        0x08004fd7         Code  Gb  cexit.o [5]
__close                 0x08004e2d   0x18  Code  Gb  close.o [6]
__cmain                 0x08004fad         Code  Gb  cmain.o [5]
__cstart_closeall       0x080050e4         Data  Gb  cstart_closeall.o [5]
__data_GetMemChunk      0x08004835   0x2c  Code  Gb  xgetmemchunk.o [3]
__data_GetMemChunk::start
                        0x20000404    0x4  Data  Lc  xgetmemchunk.o [3]
__dwrite                0x08004bc5   0x1e  Code  Gb  dwrite.o [6]
__exit                  0x08001e49   0x14  Code  Gb  exit.o [6]
__iar_Fail_s            0x080011a5   0x1c  Code  Gb  xfail_s.o [3]
__iar_Mbcurmax          0x08001275    0xa  Code  Gb  xmbcurmax.o [3]
__iar_Memchr            0x0800121d         Code  Gb  memchr.o [5]
__iar_Memset4_word      0x08004529         Code  Gb  ABImemset48.o [5]
__iar_Memset8_word      0x08004529         Code  Gb  ABImemset48.o [5]
__iar_Stderr            0x20000138   0x48  Data  Gb  xfiles.o [3]
__iar_Stdin             0x200000a8   0x48  Data  Gb  xfiles.o [3]
__iar_Stdout            0x200000f0   0x48  Data  Gb  xfiles.o [3]
__iar_Strchr            0x08001171         Code  Gb  strchr.o [5]
__iar_dadd              0x08001979         Code  Gb  DblSub.o [4]
__iar_data_init3        0x08004f65   0x28  Code  Gb  data_init.o [5]
__iar_dsub              0x08001ce1         Code  Gb  DblAdd.o [4]
__iar_dsubStart         0x08001cf3         Code  Gb  DblAdd.o [4]
__iar_fadd              0x08003bf1         Code  Gb  FltSub.o [4]
__iar_frexp             0x08001709         Code  Gb  frexp.o [4]
__iar_frexp64           0x080016fd         Code  Gb  frexp.o [4]
__iar_frexpl            0x08001709         Code  Gb  frexp.o [4]
__iar_fsub              0x08003861         Code  Gb  FltAdd.o [4]
__iar_fsubStart         0x08003871         Code  Gb  FltAdd.o [4]
__iar_globLocale        0x20000060   0x48  Data  Lc  xlocale_c.o [3]
__iar_global_Locale     0x080010fd    0x4  Code  Gb  xlocale_c.o [3]
__iar_ldexp64           0x080017cd         Code  Gb  ldexp.o [4]
__iar_lz77_init_single3
                        0x08001083   0x7a  Code  Gb  lz77_init_single.o [5]
__iar_program_start     0x08005029         Code  Gb  cstartup_M.o [5]
__iar_scalbln64         0x080017cd         Code  Gb  ldexp.o [4]
__iar_scalbn64          0x080017cd         Code  Gb  ldexp.o [4]
__iar_sh_Discard        0x08004af9   0x42  Code  Gb  XShHandles.o [3]
__iar_sh_Move           0x08004b3b   0x46  Code  Gb  XShHandles.o [3]
__iar_sh_Pos            0x08004b81   0x3e  Code  Gb  XShHandles.o [3]
__iar_sh_stdout_swo     0x08004be5   0x50  Code  Gb  iarwstdswo.o [6]
__iar_sh_write          0x08004c35   0x22  Code  Gb  iarwrite.o [6]
__iar_systems$$module {Abs}
                        0x00000001         Data  Gb  command line/config [2]
__iar_zero_init3        0x08004ead   0x40  Code  Gb  zero_init3.o [5]
__low_level_init        0x08004fcb    0x4  Code  Gb  low_level_init.o [3]
__lseek                 0x080049f1   0x4a  Code  Gb  lseek.o [6]
__vector_table          0x08000000         Data  Gb  startup_stm32f103xb.o [1]
__write_buffered        0x08004a3d   0xbc  Code  Gb  xxwritebuffered.o [3]
_call_main              0x08004fb9         Code  Gb  cmain.o [5]
_exit                   0x08004fd5         Code  Gb  cexit.o [5]
_gLocale_mblen          0x0800115d    0x4  Code  Gb  xlocale_c.o [3]
_gLocale_mblenInt       0x08001125   0x34  Code  Gb  xlocale_c.o [3]
_gLocale_wctomb         0x08001161    0x4  Code  Gb  xlocale_c.o [3]
_gLocale_wctombInt      0x08001159    0x4  Code  Gb  xlocale_c.o [3]
_main                   0x08004fc7         Code  Gb  cmain.o [5]
abort                   0x08001cd7    0x6  Code  Gb  abort.o [3]
adjust_temp             0x08002b59   0x1e  Code  Gb  main.o [1]
array_sort              0x08002b29   0x30  Code  Gb  main.o [1]
bar_sensors             0x20000008    0x8  Data  Gb  main.o [1]
calibrate_ambient       0x08002ba9   0x9a  Code  Gb  main.o [1]
can_receive_flag        0x200003f1    0x1  Data  Gb  inbus.o [1]
can_transmit_to         0x08002aed   0x3c  Code  Gb  main.o [1]
data_fl                 0x20000014    0x4  Data  Gb  main.o [1]
ebuf                    0x200002c8   0x50  Data  Lc  xfiles.o [3]
exit                    0x08004fcf    0x4  Code  Gb  exit.o [3]
fclose                  0x08004d2f   0x7e  Code  Gb  fclose.o [3]
fflush                  0x080049ad   0x34  Code  Gb  fflush.o [3]
fflushOne               0x08004939   0x74  Code  Lc  fflush.o [3]
fputc                   0x08004e59   0x54  Code  Gb  fputc.o [3]
free                    0x08004e29    0x4  Code  Gb  heaptramp0.o [3]
frexp                   0x080016fd         Code  Gb  frexp.o [4]
frexpl                  0x080016fd         Code  Gb  frexp.o [4]
fseek                   0x08004d0b   0x24  Code  Gb  fseek.o [3]
get_avr_ambient         0x08002c43   0x98  Code  Gb  main.o [1]
hcan                    0x200003b0   0x28  Data  Gb  can.o [1]
hi2c1                   0x20000220   0x54  Data  Gb  i2c.o [1]
htim1                   0x20000368   0x48  Data  Gb  tim.o [1]
in_buff                 0x20000000    0x4  Data  Gb  main.o [1]
inbus_init              0x08003f41   0x9a  Code  Gb  inbus.o [1]
ldexp                   0x080017cd         Code  Gb  ldexp.o [4]
ldexpl                  0x080017cd         Code  Gb  ldexp.o [4]
localeconv              0x08001165    0x4  Code  Gb  xlocale_c.o [3]
main                    0x08002cdd  0x1ce  Code  Gb  main.o [1]
mem_adr                 0x20000010    0x4  Data  Gb  main.o [1]
memchr                  0x0800121d         Code  Gb  memchr.o [5]
obtain_max_temp         0x08002b77   0x32  Code  Gb  main.o [1]
obuf                    0x20000318   0x50  Data  Lc  xfiles.o [3]
printf                  0x08003a35   0x28  Code  Gb  printf.o [3]
putchar                 0x08004ff9    0xc  Code  Gb  putchar.o [3]
remove                  0x08004e45   0x14  Code  Gb  remove.o [6]
rx_msg_data             0x20000410    0x8  Data  Gb  inbus.o [1]
sFileInfo               0x200001a0   0x80  Data  Lc  XShHandles.o [3]
sFilterConfig           0x20000418   0x28  Data  Gb  inbus.o [1]
scalbln                 0x080017cd         Code  Gb  ldexp.o [4]
scalblnl                0x080017cd         Code  Gb  ldexp.o [4]
scalbn                  0x080017cd         Code  Gb  ldexp.o [4]
scalbnl                 0x080017cd         Code  Gb  ldexp.o [4]
scale                   0x080008eb   0x46  Code  Lc  xprintffull.o [3]
sec_hand                0x20000400    0x4  Data  Lc  xfail_s.o [3]
stat                    0x200003f0    0x1  Data  Gb  inbus.o [1]
store                   0x20000274   0x50  Data  Lc  xxwritebuffered.o [3]
storeLen                0x200002c4    0x4  Data  Lc  xxwritebuffered.o [3]
strchr                  0x08001171         Code  Gb  strchr.o [5]
strlen                  0x080011e5         Code  Gb  strlen.o [5]
tx_msg_data             0x20000408    0x8  Data  Gb  inbus.o [1]
uwTick                  0x2000001c    0x4  Data  Gb  stm32f1xx_hal.o [1]
uwTickFreq              0x20000018    0x1  Data  Gb  stm32f1xx_hal.o [1]
uwTickPrio              0x20000020    0x4  Data  Gb  stm32f1xx_hal.o [1]


[1] = C:\Users\n.kruchkov\Desktop\Projects\Thermo_Board_MLX90614\Thermo_F103\EWARM\Thermo_blue\Obj
[2] = command line
[3] = dl7M_tlf.a
[4] = m7M_tl.a
[5] = rt7M_tl.a
[6] = shb_l.a

  20 662 bytes of readonly  code memory
     199 bytes of readonly  data memory
   2 676 bytes of readwrite data memory

Errors: none
Warnings: none
