###############################################################################
#
# IAR ELF Linker V8.22.1.15669/W32 for ARM                24/Dec/2020  16:56:36
# Copyright 2007-2018 IAR Systems AB.
#
#    Output file  =  
#        C:\Users\n.kruchkov\Desktop\Projects\Thermo_Board_MLX90614\Thermo_F103\EWARM\Thermo_blue\Exe\Thermo_blue.out
#    Map file     =  
#        C:\Users\n.kruchkov\Desktop\Projects\Thermo_Board_MLX90614\Thermo_F103\EWARM\Thermo_blue\List\Thermo_blue.map
#    Command line =  
#        -f C:\Users\N8153~1.KRU\AppData\Local\Temp\EW41BA.tmp
#        (C:\Users\n.kruchkov\Desktop\Projects\Thermo_Board_MLX90614\Thermo_F103\EWARM\Thermo_blue\Obj\dwt_delay.o
#        C:\Users\n.kruchkov\Desktop\Projects\Thermo_Board_MLX90614\Thermo_F103\EWARM\Thermo_blue\Obj\fonts.o
#        C:\Users\n.kruchkov\Desktop\Projects\Thermo_Board_MLX90614\Thermo_F103\EWARM\Thermo_blue\Obj\gpio.o
#        C:\Users\n.kruchkov\Desktop\Projects\Thermo_Board_MLX90614\Thermo_F103\EWARM\Thermo_blue\Obj\i2c.o
#        C:\Users\n.kruchkov\Desktop\Projects\Thermo_Board_MLX90614\Thermo_F103\EWARM\Thermo_blue\Obj\main.o
#        C:\Users\n.kruchkov\Desktop\Projects\Thermo_Board_MLX90614\Thermo_F103\EWARM\Thermo_blue\Obj\oled.o
#        C:\Users\n.kruchkov\Desktop\Projects\Thermo_Board_MLX90614\Thermo_F103\EWARM\Thermo_blue\Obj\ssd1306.o
#        C:\Users\n.kruchkov\Desktop\Projects\Thermo_Board_MLX90614\Thermo_F103\EWARM\Thermo_blue\Obj\startup_stm32f103xb.o
#        C:\Users\n.kruchkov\Desktop\Projects\Thermo_Board_MLX90614\Thermo_F103\EWARM\Thermo_blue\Obj\stm32f1xx_hal.o
#        C:\Users\n.kruchkov\Desktop\Projects\Thermo_Board_MLX90614\Thermo_F103\EWARM\Thermo_blue\Obj\stm32f1xx_hal_cortex.o
#        C:\Users\n.kruchkov\Desktop\Projects\Thermo_Board_MLX90614\Thermo_F103\EWARM\Thermo_blue\Obj\stm32f1xx_hal_dma.o
#        C:\Users\n.kruchkov\Desktop\Projects\Thermo_Board_MLX90614\Thermo_F103\EWARM\Thermo_blue\Obj\stm32f1xx_hal_exti.o
#        C:\Users\n.kruchkov\Desktop\Projects\Thermo_Board_MLX90614\Thermo_F103\EWARM\Thermo_blue\Obj\stm32f1xx_hal_flash.o
#        C:\Users\n.kruchkov\Desktop\Projects\Thermo_Board_MLX90614\Thermo_F103\EWARM\Thermo_blue\Obj\stm32f1xx_hal_flash_ex.o
#        C:\Users\n.kruchkov\Desktop\Projects\Thermo_Board_MLX90614\Thermo_F103\EWARM\Thermo_blue\Obj\stm32f1xx_hal_gpio.o
#        C:\Users\n.kruchkov\Desktop\Projects\Thermo_Board_MLX90614\Thermo_F103\EWARM\Thermo_blue\Obj\stm32f1xx_hal_gpio_ex.o
#        C:\Users\n.kruchkov\Desktop\Projects\Thermo_Board_MLX90614\Thermo_F103\EWARM\Thermo_blue\Obj\stm32f1xx_hal_i2c.o
#        C:\Users\n.kruchkov\Desktop\Projects\Thermo_Board_MLX90614\Thermo_F103\EWARM\Thermo_blue\Obj\stm32f1xx_hal_msp.o
#        C:\Users\n.kruchkov\Desktop\Projects\Thermo_Board_MLX90614\Thermo_F103\EWARM\Thermo_blue\Obj\stm32f1xx_hal_pwr.o
#        C:\Users\n.kruchkov\Desktop\Projects\Thermo_Board_MLX90614\Thermo_F103\EWARM\Thermo_blue\Obj\stm32f1xx_hal_rcc.o
#        C:\Users\n.kruchkov\Desktop\Projects\Thermo_Board_MLX90614\Thermo_F103\EWARM\Thermo_blue\Obj\stm32f1xx_hal_rcc_ex.o
#        C:\Users\n.kruchkov\Desktop\Projects\Thermo_Board_MLX90614\Thermo_F103\EWARM\Thermo_blue\Obj\stm32f1xx_hal_tim.o
#        C:\Users\n.kruchkov\Desktop\Projects\Thermo_Board_MLX90614\Thermo_F103\EWARM\Thermo_blue\Obj\stm32f1xx_hal_tim_ex.o
#        C:\Users\n.kruchkov\Desktop\Projects\Thermo_Board_MLX90614\Thermo_F103\EWARM\Thermo_blue\Obj\stm32f1xx_it.o
#        C:\Users\n.kruchkov\Desktop\Projects\Thermo_Board_MLX90614\Thermo_F103\EWARM\Thermo_blue\Obj\system_stm32f1xx.o
#        C:\Users\n.kruchkov\Desktop\Projects\Thermo_Board_MLX90614\Thermo_F103\EWARM\Thermo_blue\Obj\tim.o
#        --redirect _Printf=_PrintfFull --redirect _Scanf=_ScanfFull -o
#        C:\Users\n.kruchkov\Desktop\Projects\Thermo_Board_MLX90614\Thermo_F103\EWARM\Thermo_blue\Exe\Thermo_blue.out
#        --map
#        C:\Users\n.kruchkov\Desktop\Projects\Thermo_Board_MLX90614\Thermo_F103\EWARM\Thermo_blue\List\Thermo_blue.map
#        --config
#        C:\Users\n.kruchkov\Desktop\Projects\Thermo_Board_MLX90614\Thermo_F103\EWARM/stm32f103xb_flash.icf
#        --semihosting --entry __iar_program_start --redirect
#        __write=__write_buffered --redirect
#        __iar_sh_stdout=__iar_sh_stdout_swo --vfe --text_out locale)
#
###############################################################################

*******************************************************************************
*** RUNTIME MODEL ATTRIBUTES
***

CppFlavor       = *
__Heap_Handler  = Basic
__SystemLibrary = DLib
__dlib_version  = 6


*******************************************************************************
*** HEAP SELECTION
***

The basic heap was selected because no calls to memory allocation
functions were found in the application outside of system library
functions, and there are calls to deallocation functions in the
application.


*******************************************************************************
*** PLACEMENT SUMMARY
***

"A0":  place at 0x08000000 { ro section .intvec };
"P1":  place in [from 0x08000000 to 0x0801ffff] { ro };
define block CSTACK with size = 1K, alignment = 8 { };
define block HEAP with size = 512, alignment = 8 { };
"P2":  place in [from 0x20000000 to 0x20004fff] {
          rw, block CSTACK, block HEAP };
initialize by copy { rw };

  Section            Kind        Address    Size  Object
  -------            ----        -------    ----  ------
"A0":                                       0xec
  .intvec            ro code  0x08000000    0xec  startup_stm32f103xb.o [1]
                            - 0x080000ec    0xec

"P1":                                     0x46e5
  .text              ro code  0x080000ec   0xf96  xprintffull.o [3]
  .text              ro code  0x08001082    0x7a  lz77_init_single.o [5]
  .text              ro code  0x080010fc    0x74  xlocale_c.o [3]
  .text              ro code  0x08001170    0x16  strchr.o [5]
  .text              ro code  0x08001186    0x1e  xencoding_8859_1.o [3]
  .text              ro code  0x080011a4    0x40  xfail_s.o [3]
  .text              ro code  0x080011e4    0x36  strlen.o [5]
  .text              ro code  0x0800121c    0x58  memchr.o [5]
  .text              ro code  0x08001274     0xa  xmbcurmax.o [3]
  .text              ro code  0x08001280    0xa6  ABImemcpy.o [5]
  .text              ro code  0x08001328   0x22e  I64DivMod.o [5]
  .text              ro code  0x08001558   0x1a2  DblMul.o [4]
  .text              ro code  0x080016fc    0x70  frexp.o [4]
  .text              ro code  0x0800176c    0x2e  DblCmpLe.o [4]
  .text              ro code  0x0800179c    0x2e  DblCmpGe.o [4]
  .text              ro code  0x080017cc   0x13a  ldexp.o [4]
  .text              ro code  0x08001908    0x3a  DblToS32.o [4]
  .text              ro code  0x08001944    0x22  S32ToDbl.o [4]
  .text              ro code  0x08001968    0xe2  DblSub.o [4]
  .text              ro code  0x08001a4c   0x246  DblDiv.o [4]
  .text              ro code  0x08001c94    0x28  DblToU32.o [4]
  .text              ro code  0x08001cbc    0x1a  U32ToDbl.o [4]
  .text              ro code  0x08001cd6     0x6  abort.o [3]
  .text              ro code  0x08001cdc     0x2  I64DivZer.o [5]
  .text              ro code  0x08001ce0   0x168  DblAdd.o [4]
  .text              ro code  0x08001e48    0x14  exit.o [6]
  .text              ro code  0x08001e5c   0x716  stm32f1xx_hal_i2c.o [1]
  .text              ro code  0x08002574    0x9c  i2c.o [1]
  .text              ro code  0x08002610   0x4ce  stm32f1xx_hal_rcc.o [1]
  .text              ro code  0x08002ae0     0xc  stm32f1xx_hal.o [1]
  .text              ro code  0x08002aec   0x33c  main.o [1]
  .text              ro code  0x08002e28     0x6  ABImemclr4.o [5]
  .text              ro code  0x08002e30   0x1d4  stm32f1xx_hal_gpio.o [1]
  .text              ro code  0x08003004    0x40  stm32f1xx_hal.o [1]
  .text              ro code  0x08003044   0x500  stm32f1xx_hal_tim.o [1]
  .text              ro code  0x08003544    0x24  S32ToFlt.o [4]
  .text              ro code  0x08003568    0xe2  FltAdd.o [4]
  .text              ro code  0x0800364c    0xfc  FltDiv.o [4]
  .text              ro code  0x08003748    0x28  printf.o [3]
  .text              ro code  0x08003770    0x1c  U32ToFlt.o [4]
  .text              ro code  0x0800378c    0x24  stm32f1xx_hal.o [1]
  .text              ro code  0x080037b0    0x28  dwt_delay.o [1]
  .text              ro code  0x080037d8    0x28  stm32f1xx_hal.o [1]
  .text              ro code  0x08003800    0xd4  gpio.o [1]
  .text              ro code  0x080038d4    0xf0  tim.o [1]
  .text              ro code  0x080039c4    0x48  FltToDbl.o [4]
  .text              ro code  0x08003a0c    0xd8  FltMul.o [4]
  .text              ro code  0x08003ae4    0x24  FltCmpGe.o [4]
  .text              ro code  0x08003b08    0x2a  FltToS32.o [4]
  .text              ro code  0x08003b34    0x32  ABImemset48.o [5]
  .text              ro code  0x08003b68    0xc8  stm32f1xx_hal_cortex.o [1]
  .text              ro code  0x08003c30     0x2  stm32f1xx_hal_tim.o [1]
  .text              ro code  0x08003c32     0x2  stm32f1xx_hal_tim.o [1]
  .text              ro code  0x08003c34     0x2  stm32f1xx_hal_tim_ex.o [1]
  .text              ro code  0x08003c36     0x2  stm32f1xx_hal_tim.o [1]
  .text              ro code  0x08003c38     0x2  stm32f1xx_hal_tim_ex.o [1]
  .text              ro code  0x08003c3a     0x2  stm32f1xx_hal_tim.o [1]
  .text              ro code  0x08003c3c    0x74  FltSub.o [4]
  .text              ro code  0x08003cb0    0x44  stm32f1xx_hal_msp.o [1]
  .text              ro code  0x08003cf4    0x64  stm32f1xx_hal_tim_ex.o [1]
  .text              ro code  0x08003d58   0x140  heap0.o [3]
  .text              ro code  0x08003e98    0x2c  xgetmemchunk.o [3]
  .text              ro code  0x08003ec4    0xd8  xfspos.o [3]
  .text              ro code  0x08003f9c    0xac  fflush.o [3]
  .text              ro code  0x08004048     0xc  xfgpos.o [3]
  .text              ro code  0x08004054    0x4a  lseek.o [6]
  .text              ro code  0x080040a0    0xbc  xxwritebuffered.o [3]
  .text              ro code  0x0800415c    0xcc  XShHandles.o [3]
  .text              ro code  0x08004228    0x1e  dwrite.o [6]
  .text              ro code  0x08004248    0x50  iarwstdswo.o [6]
  .text              ro code  0x08004298    0x22  iarwrite.o [6]
  .text              ro code  0x080042ba    0xb4  xfwprep.o [3]
  .text              ro code  0x0800436e    0x24  fseek.o [3]
  .text              ro code  0x08004392    0x7e  fclose.o [3]
  .text              ro code  0x08004410    0x7c  xfofind.o [3]
  .text              ro code  0x0800448c     0x4  heaptramp0.o [3]
  .text              ro code  0x08004490    0x18  close.o [6]
  .text              ro code  0x080044a8    0x14  remove.o [6]
  .text              ro code  0x080044bc    0x54  fputc.o [3]
  .text              ro code  0x08004510    0x40  zero_init3.o [5]
  .text              ro code  0x08004550    0x3c  xcloseall.o [3]
  .text              ro code  0x0800458c    0x28  data_init.o [5]
  .iar.init_table    const    0x080045b4    0x20  - Linker created -
  .text              ro code  0x080045d4    0x20  stm32f1xx_it.o [1]
  .text              ro code  0x080045f4    0x10  stm32f1xx_hal.o [1]
  .text              ro code  0x08004604    0x1e  cmain.o [5]
  .text              ro code  0x08004622     0x4  low_level_init.o [3]
  .text              ro code  0x08004626     0x4  exit.o [3]
  .text              ro code  0x0800462c     0xe  cexit.o [5]
  .text              ro code  0x0800463a    0x16  xprout.o [3]
  .text              ro code  0x08004650     0xc  putchar.o [3]
  .text              ro code  0x0800465c    0x14  system_stm32f1xx.o [1]
  .text              ro code  0x08004670    0x10  startup_stm32f103xb.o [1]
  .text              ro code  0x08004680     0xc  cstartup_M.o [5]
  .rodata            const    0x0800468c     0x8  system_stm32f1xx.o [1]
  .rodata            const    0x08004694     0x6  xlocale_c.o [3]
  .text              ro code  0x0800469a     0x4  startup_stm32f103xb.o [1]
  .text              ro code  0x0800469e     0x4  startup_stm32f103xb.o [1]
  .text              ro code  0x080046a2     0x4  startup_stm32f103xb.o [1]
  .text              ro code  0x080046a6     0x4  startup_stm32f103xb.o [1]
  .text              ro code  0x080046aa     0x4  startup_stm32f103xb.o [1]
  .text              ro code  0x080046ae     0x4  startup_stm32f103xb.o [1]
  .text              ro code  0x080046b2     0x4  startup_stm32f103xb.o [1]
  .text              ro code  0x080046b6     0x4  startup_stm32f103xb.o [1]
  .text              ro code  0x080046ba     0x4  startup_stm32f103xb.o [1]
  .text              ro code  0x080046be     0x4  startup_stm32f103xb.o [1]
  .text              ro code  0x080046c2     0x4  startup_stm32f103xb.o [1]
  .text              ro code  0x080046c6     0x4  startup_stm32f103xb.o [1]
  .text              ro code  0x080046ca     0x4  startup_stm32f103xb.o [1]
  .text              ro code  0x080046ce     0x4  startup_stm32f103xb.o [1]
  .text              ro code  0x080046d2     0x4  startup_stm32f103xb.o [1]
  .text              ro code  0x080046d6     0x4  startup_stm32f103xb.o [1]
  .text              ro code  0x080046da     0x4  startup_stm32f103xb.o [1]
  .text              ro code  0x080046de     0x4  startup_stm32f103xb.o [1]
  .text              ro code  0x080046e2     0x4  startup_stm32f103xb.o [1]
  .text              ro code  0x080046e6     0x4  startup_stm32f103xb.o [1]
  .text              ro code  0x080046ea     0x4  startup_stm32f103xb.o [1]
  .text              ro code  0x080046ee     0x4  startup_stm32f103xb.o [1]
  .text              ro code  0x080046f2     0x4  startup_stm32f103xb.o [1]
  .text              ro code  0x080046f6     0x4  startup_stm32f103xb.o [1]
  .text              ro code  0x080046fa     0x4  startup_stm32f103xb.o [1]
  .text              ro code  0x080046fe     0x4  startup_stm32f103xb.o [1]
  .text              ro code  0x08004702     0x4  startup_stm32f103xb.o [1]
  .text              ro code  0x08004706     0x4  startup_stm32f103xb.o [1]
  .text              ro code  0x0800470a     0x4  startup_stm32f103xb.o [1]
  .text              ro code  0x0800470e     0x4  startup_stm32f103xb.o [1]
  .text              ro code  0x08004712     0x4  startup_stm32f103xb.o [1]
  .text              ro code  0x08004716     0x4  startup_stm32f103xb.o [1]
  .text              ro code  0x0800471a     0x4  startup_stm32f103xb.o [1]
  .text              ro code  0x0800471e     0x4  startup_stm32f103xb.o [1]
  .text              ro code  0x08004722     0x4  startup_stm32f103xb.o [1]
  .text              ro code  0x08004726     0x4  startup_stm32f103xb.o [1]
  .text              ro code  0x0800472a     0x4  startup_stm32f103xb.o [1]
  .text              ro code  0x0800472e     0x4  startup_stm32f103xb.o [1]
  .text              ro code  0x08004732     0x4  startup_stm32f103xb.o [1]
  .text              ro code  0x08004736     0x4  startup_stm32f103xb.o [1]
  .text              ro code  0x0800473a     0x4  startup_stm32f103xb.o [1]
  .text              ro code  0x0800473e     0x4  startup_stm32f103xb.o [1]
  .text              ro code  0x08004744     0x0  cstart_closeall.o [5]
  .rodata            const    0x08004744     0x0  zero_init3.o [5]
  .rodata            const    0x08004744     0x0  lz77_init_single.o [5]
  Initializer bytes  const    0x08004744    0x8d  <for P2-1>
                            - 0x080047d1  0x46e5

"P2", part 1 of 3:                         0x198
  P2-1                        0x20000000   0x198  <Init block>
    .data            inited   0x20000000    0x10  main.o [1]
    .data            inited   0x20000010     0xc  stm32f1xx_hal.o [1]
    .data            inited   0x2000001c     0x4  system_stm32f1xx.o [1]
    .data            inited   0x20000020    0x38  xlocale_c.o [3]
    .data            inited   0x20000058    0x48  xlocale_c.o [3]
    .data            inited   0x200000a0    0x48  xfiles.o [3]
    .data            inited   0x200000e8    0x48  xfiles.o [3]
    .data            inited   0x20000130    0x48  xfiles.o [3]
    .data            inited   0x20000178    0x20  xfiles.o [3]
                            - 0x20000198   0x198

"P2", part 2 of 3:                         0x230
  .bss               zero     0x20000198    0x80  XShHandles.o [3]
  .bss               zero     0x20000218    0x54  i2c.o [1]
  .bss               zero     0x2000026c    0x54  xxwritebuffered.o [3]
  .bss               zero     0x200002c0    0x50  xfiles.o [3]
  .bss               zero     0x20000310    0x50  xfiles.o [3]
  .bss               zero     0x20000360    0x48  tim.o [1]
  .bss               zero     0x200003a8    0x10  main.o [1]
  .bss               zero     0x200003b8     0x8  heap0.o [3]
  .bss               zero     0x200003c0     0x4  xfail_s.o [3]
  .bss               zero     0x200003c4     0x4  xgetmemchunk.o [3]
                            - 0x200003c8   0x230

"P2", part 3 of 3:                         0x600
  CSTACK                      0x200003c8   0x400  <Block>
    CSTACK           uninit   0x200003c8   0x400  <Block tail>
  HEAP                        0x200007c8   0x200  <Block>
    HEAP             uninit   0x200007c8   0x200  <Block tail>
                            - 0x200009c8   0x600


*******************************************************************************
*** INIT TABLE
***

          Address     Size
          -------     ----
Zero (__iar_zero_init3)
    1 destination range, total size 0x230:
          0x20000198  0x230

Copy/lz77 (__iar_lz77_init_single3)
    1 source range, total size 0x8d (34% of destination):
          0x08004744   0x8d
    1 destination range, total size 0x198:
          0x20000000  0x198



*******************************************************************************
*** MODULE SUMMARY
***

    Module                  ro code  ro data  rw data
    ------                  -------  -------  -------
C:\Users\n.kruchkov\Desktop\Projects\Thermo_Board_MLX90614\Thermo_F103\EWARM\Thermo_blue\Obj: [1]
    dwt_delay.o                  40
    gpio.o                      212
    i2c.o                       156                84
    main.o                      828        5       32
    startup_stm32f103xb.o       420
    stm32f1xx_hal.o             168        4       12
    stm32f1xx_hal_cortex.o      200
    stm32f1xx_hal_gpio.o        468
    stm32f1xx_hal_i2c.o       1 814
    stm32f1xx_hal_msp.o          68
    stm32f1xx_hal_rcc.o       1 230
    stm32f1xx_hal_tim.o       1 288
    stm32f1xx_hal_tim_ex.o      104
    stm32f1xx_it.o               32
    system_stm32f1xx.o           20       10        4
    tim.o                       240                72
    -------------------------------------------------
    Total:                    7 288       19      204

command line: [2]
    -------------------------------------------------
    Total:

dl7M_tlf.a: [3]
    XShHandles.o                204               128
    abort.o                       6
    exit.o                        4
    fclose.o                    126
    fflush.o                    172
    fputc.o                      84
    fseek.o                      36
    heap0.o                     320                 8
    heaptramp0.o                  4
    low_level_init.o              4
    printf.o                     40
    putchar.o                    12
    xcloseall.o                  60
    xencoding_8859_1.o           30
    xfail_s.o                    64                 4
    xfgpos.o                     12
    xfiles.o                              86      408
    xfofind.o                   124
    xfspos.o                    216
    xfwprep.o                   180
    xgetmemchunk.o               44                 4
    xlocale_c.o                 116       50      128
    xmbcurmax.o                  10
    xprintffull.o             3 990
    xprout.o                     22
    xxwritebuffered.o           188                84
    -------------------------------------------------
    Total:                    6 068      136      764

m7M_tl.a: [4]
    DblAdd.o                    360
    DblCmpGe.o                   46
    DblCmpLe.o                   46
    DblDiv.o                    582
    DblMul.o                    418
    DblSub.o                    226
    DblToS32.o                   58
    DblToU32.o                   40
    FltAdd.o                    226
    FltCmpGe.o                   36
    FltDiv.o                    252
    FltMul.o                    216
    FltSub.o                    116
    FltToDbl.o                   72
    FltToS32.o                   42
    S32ToDbl.o                   34
    S32ToFlt.o                   36
    U32ToDbl.o                   26
    U32ToFlt.o                   28
    frexp.o                     112
    ldexp.o                     314
    -------------------------------------------------
    Total:                    3 286

rt7M_tl.a: [5]
    ABImemclr4.o                  6
    ABImemcpy.o                 166
    ABImemset48.o                50
    I64DivMod.o                 558
    I64DivZer.o                   2
    cexit.o                      14
    cmain.o                      30
    cstart_closeall.o
    cstartup_M.o                 12
    data_init.o                  40
    lz77_init_single.o          122
    memchr.o                     88
    strchr.o                     22
    strlen.o                     54
    zero_init3.o                 64
    -------------------------------------------------
    Total:                    1 228

shb_l.a: [6]
    close.o                      24
    dwrite.o                     30
    exit.o                       20
    iarwrite.o                   34
    iarwstdswo.o                 80
    lseek.o                      74
    remove.o                     20
    -------------------------------------------------
    Total:                      282

    Gaps                         46
    Linker created                        32    1 536
-----------------------------------------------------
    Grand Total:             18 198      187    2 504


*******************************************************************************
*** ENTRY LIST
***

Entry                      Address   Size  Type      Object
-----                      -------   ----  ----      ------
.iar.init_table$$Base   0x080045b4          --   Gb  - Linker created -
.iar.init_table$$Limit  0x080045d4          --   Gb  - Linker created -
?main                   0x08004605         Code  Gb  cmain.o [5]
AHBPrescTable           0x08004660   0x10  Data  Gb  system_stm32f1xx.o [1]
APBPrescTable           0x0800468c    0x8  Data  Gb  system_stm32f1xx.o [1]
Aldata                  0x200003b8    0x8  Data  Lc  heap0.o [3]
BusFault_Handler        0x080045db    0x2  Code  Gb  stm32f1xx_it.o [1]
CSTACK$$Base            0x200003c8          --   Gb  - Linker created -
CSTACK$$Limit           0x200007c8          --   Gb  - Linker created -
CacheMore               0x08001101   0x24  Code  Lc  xlocale_c.o [3]
DWT_Init                0x080037b1   0x20  Code  Gb  dwt_delay.o [1]
DebugMon_Handler        0x080045e1    0x2  Code  Gb  stm32f1xx_it.o [1]
Difference              0x200003b4    0x4  Data  Gb  main.o [1]
Distance                0x200003aa    0x2  Data  Gb  main.o [1]
Err                     0x20000004    0x1  Data  Gb  main.o [1]
Error_Handler           0x08002dc7    0x2  Code  Gb  main.o [1]
HAL_Delay               0x080037d9   0x28  Code  Wk  stm32f1xx_hal.o [1]
HAL_GPIO_Init           0x08002e31  0x194  Code  Gb  stm32f1xx_hal_gpio.o [1]
HAL_GPIO_WritePin       0x08002fc5    0xc  Code  Gb  stm32f1xx_hal_gpio.o [1]
HAL_GetTick             0x08002ae1    0xc  Code  Wk  stm32f1xx_hal.o [1]
HAL_I2C_Init            0x08001e5d  0x124  Code  Gb  stm32f1xx_hal_i2c.o [1]
HAL_I2C_Mem_Read        0x08001fd9  0x13a  Code  Gb  stm32f1xx_hal_i2c.o [1]
HAL_I2C_MspInit         0x080025a7   0x54  Code  Gb  i2c.o [1]
HAL_IncTick             0x080045f5   0x10  Code  Wk  stm32f1xx_hal.o [1]
HAL_Init                0x0800378d   0x20  Code  Gb  stm32f1xx_hal.o [1]
HAL_InitTick            0x08003005   0x40  Code  Wk  stm32f1xx_hal.o [1]
HAL_MspInit             0x08003cb1   0x44  Code  Gb  stm32f1xx_hal_msp.o [1]
HAL_NVIC_EnableIRQ      0x08003bdb   0x16  Code  Gb  stm32f1xx_hal_cortex.o [1]
HAL_NVIC_SetPriority    0x08003ba1   0x3a  Code  Gb  stm32f1xx_hal_cortex.o [1]
HAL_NVIC_SetPriorityGrouping
                        0x08003b87   0x1a  Code  Gb  stm32f1xx_hal_cortex.o [1]
HAL_RCC_ClockConfig     0x08002935   0xf6  Code  Gb  stm32f1xx_hal_rcc.o [1]
HAL_RCC_GetPCLK1Freq    0x08002a85   0x10  Code  Gb  stm32f1xx_hal_rcc.o [1]
HAL_RCC_GetSysClockFreq
                        0x08002a49   0x3c  Code  Gb  stm32f1xx_hal_rcc.o [1]
HAL_RCC_GetSysClockFreq::aPLLMULFactorTable
                        0x08002acc   0x10  Data  Lc  stm32f1xx_hal_rcc.o [1]
HAL_RCC_GetSysClockFreq::aPredivFactorTable
                        0x08002adc    0x2  Data  Lc  stm32f1xx_hal_rcc.o [1]
HAL_RCC_OscConfig       0x08002611  0x31c  Code  Gb  stm32f1xx_hal_rcc.o [1]
HAL_SYSTICK_Config      0x08003bf1   0x28  Code  Gb  stm32f1xx_hal_cortex.o [1]
HAL_TIMEx_BreakCallback
                        0x08003c35    0x2  Code  Wk  stm32f1xx_hal_tim_ex.o [1]
HAL_TIMEx_CommutCallback
                        0x08003c39    0x2  Code  Wk  stm32f1xx_hal_tim_ex.o [1]
HAL_TIMEx_MasterConfigSynchronization
                        0x08003cf5   0x56  Code  Gb  stm32f1xx_hal_tim_ex.o [1]
HAL_TIM_IC_CaptureCallback
                        0x08002aed   0xa0  Code  Gb  main.o [1]
HAL_TIM_IC_ConfigChannel
                        0x08003305   0xfc  Code  Gb  stm32f1xx_hal_tim.o [1]
HAL_TIM_IC_Init         0x08003099   0x1c  Code  Gb  stm32f1xx_hal_tim.o [1]
HAL_TIM_IC_MspInit      0x08003949   0x64  Code  Gb  tim.o [1]
HAL_TIM_IC_Start_IT     0x080030c5   0xb4  Code  Gb  stm32f1xx_hal_tim.o [1]
HAL_TIM_IRQHandler      0x080031bd  0x142  Code  Gb  stm32f1xx_hal_tim.o [1]
HAL_TIM_ReadCapturedValue
                        0x0800340d   0x2c  Code  Gb  stm32f1xx_hal_tim.o [1]
HEAP$$Base              0x200007c8          --   Gb  - Linker created -
HEAP$$Limit             0x200009c8          --   Gb  - Linker created -
HardFault_Handler       0x080045d7    0x2  Code  Gb  stm32f1xx_it.o [1]
I2C_IsAcknowledgeFailed
                        0x08002543   0x30  Code  Lc  stm32f1xx_hal_i2c.o [1]
I2C_RequestMemoryRead   0x080022bd   0xbe  Code  Lc  stm32f1xx_hal_i2c.o [1]
I2C_WaitOnFlagUntilTimeout
                        0x080023b5   0x5c  Code  Lc  stm32f1xx_hal_i2c.o [1]
I2C_WaitOnMasterAddressFlagUntilTimeout
                        0x08002411   0x78  Code  Lc  stm32f1xx_hal_i2c.o [1]
I2C_WaitOnRXNEFlagUntilTimeout
                        0x080024f3   0x50  Code  Lc  stm32f1xx_hal_i2c.o [1]
I2C_WaitOnTXEFlagUntilTimeout
                        0x0800249d   0x38  Code  Lc  stm32f1xx_hal_i2c.o [1]
IC_Val1                 0x200003ac    0x4  Data  Gb  main.o [1]
IC_Val2                 0x200003b0    0x4  Data  Gb  main.o [1]
Is_First_Captured       0x200003a8    0x1  Data  Gb  main.o [1]
LoadInt                 0x080002db   0x7a  Code  Lc  xprintffull.o [3]
MX_GPIO_Init            0x08003801   0xc2  Code  Gb  gpio.o [1]
MX_I2C1_Init            0x08002575   0x32  Code  Gb  i2c.o [1]
MX_TIM1_Init            0x080038d5   0x74  Code  Gb  tim.o [1]
MemManage_Handler       0x080045d9    0x2  Code  Gb  stm32f1xx_it.o [1]
NMI_Handler             0x080045d5    0x2  Code  Gb  stm32f1xx_it.o [1]
PendSV_Handler          0x080045e3    0x2  Code  Gb  stm32f1xx_it.o [1]
Region$$Table$$Base     0x080045b4          --   Gb  - Linker created -
Region$$Table$$Limit    0x080045d4          --   Gb  - Linker created -
SVC_Handler             0x080045df    0x2  Code  Gb  stm32f1xx_it.o [1]
SysTick_Handler         0x080045e5    0x4  Code  Gb  stm32f1xx_it.o [1]
SystemClock_Config      0x08002d81   0x46  Code  Gb  main.o [1]
SystemCoreClock         0x2000001c    0x4  Data  Gb  system_stm32f1xx.o [1]
SystemInit              0x0800465d    0x2  Code  Gb  system_stm32f1xx.o [1]
TIM1_CC_IRQHandler      0x080045e9    0x6  Code  Gb  stm32f1xx_it.o [1]
TIM_Base_SetConfig      0x08003439   0x5e  Code  Gb  stm32f1xx_hal_tim.o [1]
TIM_CCxChannelCmd       0x08003529   0x16  Code  Gb  stm32f1xx_hal_tim.o [1]
TIM_TI1_SetConfig       0x08003497   0x4e  Code  Gb  stm32f1xx_hal_tim.o [1]
TIM_TI2_SetConfig       0x080034f5   0x34  Code  Lc  stm32f1xx_hal_tim.o [1]
UsageFault_Handler      0x080045dd    0x2  Code  Gb  stm32f1xx_it.o [1]
_Close_all              0x08004551   0x3c  Code  Gb  xcloseall.o [3]
_Encoding_8859_1_Mbrlen
                        0x08001199    0x2  Code  Gb  xencoding_8859_1.o [3]
_Encoding_8859_1_Wctomb
                        0x08001187   0x12  Code  Gb  xencoding_8859_1.o [3]
_Files                  0x20000178   0x20  Data  Gb  xfiles.o [3]
_Fofree                 0x08004411   0x78  Code  Gb  xfofind.o [3]
_Fspos                  0x08003ec5   0xd8  Code  Gb  xfspos.o [3]
_Fwprep                 0x080042bb   0xb4  Code  Gb  xfwprep.o [3]
_GenldFull              0x08000d5d  0x274  Code  Lc  xprintffull.o [3]
_LdtobFull              0x08000931  0x3fe  Code  Lc  xprintffull.o [3]
_LitobFull              0x080007d9  0x112  Code  Lc  xprintffull.o [3]
_Locale_lconv           0x20000020   0x38  Data  Lc  xlocale_c.o [3]
_Nnl                    0x08004049    0xc  Code  Gb  xfgpos.o [3]
_PrintfFull             0x080000ed  0x1d6  Code  Gb  xprintffull.o [3]
_Prout                  0x0800463b   0x16  Code  Gb  xprout.o [3]
_PutcharsFull           0x08000fd1   0x2e  Code  Lc  xprintffull.o [3]
_PutfldFull             0x08000355  0x2d0  Code  Lc  xprintffull.o [3]
_PutstrFull             0x0800071b   0xbe  Code  Lc  xprintffull.o [3]
_PuttxtFull             0x08000625   0xf6  Code  Lc  xprintffull.o [3]
__NVIC_SetPriority      0x08003b69   0x1e  Code  Lc  stm32f1xx_hal_cortex.o [1]
__aeabi_cdcmple         0x0800176d         Code  Gb  DblCmpLe.o [4]
__aeabi_cdrcmple        0x0800179d         Code  Gb  DblCmpGe.o [4]
__aeabi_cfrcmple        0x08003ae5         Code  Gb  FltCmpGe.o [4]
__aeabi_d2iz            0x08001909         Code  Gb  DblToS32.o [4]
__aeabi_d2uiz           0x08001c95         Code  Gb  DblToU32.o [4]
__aeabi_ddiv            0x08001a4d         Code  Gb  DblDiv.o [4]
__aeabi_dmul            0x08001559         Code  Gb  DblMul.o [4]
__aeabi_dsub            0x08001969         Code  Gb  DblSub.o [4]
__aeabi_f2d             0x080039c5         Code  Gb  FltToDbl.o [4]
__aeabi_f2iz            0x08003b09         Code  Gb  FltToS32.o [4]
__aeabi_fadd            0x08003569         Code  Gb  FltAdd.o [4]
__aeabi_fdiv            0x0800364d         Code  Gb  FltDiv.o [4]
__aeabi_fmul            0x08003a0d         Code  Gb  FltMul.o [4]
__aeabi_i2d             0x08001945         Code  Gb  S32ToDbl.o [4]
__aeabi_i2f             0x08003545         Code  Gb  S32ToFlt.o [4]
__aeabi_ldiv0           0x08001cdd         Code  Gb  I64DivZer.o [5]
__aeabi_memclr4         0x08002e29         Code  Gb  ABImemclr4.o [5]
__aeabi_memcpy          0x08001281         Code  Gb  ABImemcpy.o [5]
__aeabi_memcpy4         0x080012a1         Code  Gb  ABImemcpy.o [5]
__aeabi_memcpy8         0x080012a1         Code  Gb  ABImemcpy.o [5]
__aeabi_ui2d            0x08001cbd         Code  Gb  U32ToDbl.o [4]
__aeabi_ui2f            0x08003771         Code  Gb  U32ToFlt.o [4]
__aeabi_uldivmod        0x08001329         Code  Gb  I64DivMod.o [5]
__basic_free            0x08003e05   0x16  Code  Gb  heap0.o [3]
__basic_free_intern     0x08003e1b   0x7a  Code  Lc  heap0.o [3]
__basic_malloc          0x08003d59   0x18  Code  Gb  heap0.o [3]
__basic_malloc_intern   0x08003d71   0x94  Code  Lc  heap0.o [3]
__cexit_closeall        0x0800462f         Code  Gb  cexit.o [5]
__close                 0x08004491   0x18  Code  Gb  close.o [6]
__cmain                 0x08004605         Code  Gb  cmain.o [5]
__cstart_closeall       0x08004744         Data  Gb  cstart_closeall.o [5]
__data_GetMemChunk      0x08003e99   0x2c  Code  Gb  xgetmemchunk.o [3]
__data_GetMemChunk::start
                        0x200003c4    0x4  Data  Lc  xgetmemchunk.o [3]
__dwrite                0x08004229   0x1e  Code  Gb  dwrite.o [6]
__exit                  0x08001e49   0x14  Code  Gb  exit.o [6]
__iar_Fail_s            0x080011a5   0x1c  Code  Gb  xfail_s.o [3]
__iar_Mbcurmax          0x08001275    0xa  Code  Gb  xmbcurmax.o [3]
__iar_Memchr            0x0800121d         Code  Gb  memchr.o [5]
__iar_Memset4_word      0x08003b35         Code  Gb  ABImemset48.o [5]
__iar_Memset8_word      0x08003b35         Code  Gb  ABImemset48.o [5]
__iar_Stderr            0x20000130   0x48  Data  Gb  xfiles.o [3]
__iar_Stdin             0x200000a0   0x48  Data  Gb  xfiles.o [3]
__iar_Stdout            0x200000e8   0x48  Data  Gb  xfiles.o [3]
__iar_Strchr            0x08001171         Code  Gb  strchr.o [5]
__iar_dadd              0x08001979         Code  Gb  DblSub.o [4]
__iar_data_init3        0x0800458d   0x28  Code  Gb  data_init.o [5]
__iar_dsub              0x08001ce1         Code  Gb  DblAdd.o [4]
__iar_dsubStart         0x08001cf3         Code  Gb  DblAdd.o [4]
__iar_fadd              0x08003c3d         Code  Gb  FltSub.o [4]
__iar_frexp             0x08001709         Code  Gb  frexp.o [4]
__iar_frexp64           0x080016fd         Code  Gb  frexp.o [4]
__iar_frexpl            0x08001709         Code  Gb  frexp.o [4]
__iar_fsub              0x08003575         Code  Gb  FltAdd.o [4]
__iar_fsubStart         0x08003585         Code  Gb  FltAdd.o [4]
__iar_globLocale        0x20000058   0x48  Data  Lc  xlocale_c.o [3]
__iar_global_Locale     0x080010fd    0x4  Code  Gb  xlocale_c.o [3]
__iar_ldexp64           0x080017cd         Code  Gb  ldexp.o [4]
__iar_lz77_init_single3
                        0x08001083   0x7a  Code  Gb  lz77_init_single.o [5]
__iar_program_start     0x08004681         Code  Gb  cstartup_M.o [5]
__iar_scalbln64         0x080017cd         Code  Gb  ldexp.o [4]
__iar_scalbn64          0x080017cd         Code  Gb  ldexp.o [4]
__iar_sh_Discard        0x0800415d   0x42  Code  Gb  XShHandles.o [3]
__iar_sh_Move           0x0800419f   0x46  Code  Gb  XShHandles.o [3]
__iar_sh_Pos            0x080041e5   0x3e  Code  Gb  XShHandles.o [3]
__iar_sh_stdout_swo     0x08004249   0x50  Code  Gb  iarwstdswo.o [6]
__iar_sh_write          0x08004299   0x22  Code  Gb  iarwrite.o [6]
__iar_systems$$module {Abs}
                        0x00000001         Data  Gb  command line/config [2]
__iar_zero_init3        0x08004511   0x40  Code  Gb  zero_init3.o [5]
__low_level_init        0x08004623    0x4  Code  Gb  low_level_init.o [3]
__lseek                 0x08004055   0x4a  Code  Gb  lseek.o [6]
__vector_table          0x08000000         Data  Gb  startup_stm32f103xb.o [1]
__write_buffered        0x080040a1   0xbc  Code  Gb  xxwritebuffered.o [3]
_call_main              0x08004611         Code  Gb  cmain.o [5]
_exit                   0x0800462d         Code  Gb  cexit.o [5]
_gLocale_mblen          0x0800115d    0x4  Code  Gb  xlocale_c.o [3]
_gLocale_mblenInt       0x08001125   0x34  Code  Gb  xlocale_c.o [3]
_gLocale_wctomb         0x08001161    0x4  Code  Gb  xlocale_c.o [3]
_gLocale_wctombInt      0x08001159    0x4  Code  Gb  xlocale_c.o [3]
_main                   0x0800461f         Code  Gb  cmain.o [5]
abort                   0x08001cd7    0x6  Code  Gb  abort.o [3]
adjust_temp             0x08002b9d   0x1a  Code  Gb  main.o [1]
data_fl                 0x2000000c    0x4  Data  Gb  main.o [1]
ebuf                    0x200002c0   0x50  Data  Lc  xfiles.o [3]
exit                    0x08004627    0x4  Code  Gb  exit.o [3]
fclose                  0x08004393   0x7e  Code  Gb  fclose.o [3]
fflush                  0x08004011   0x34  Code  Gb  fflush.o [3]
fflushOne               0x08003f9d   0x74  Code  Lc  fflush.o [3]
fputc                   0x080044bd   0x54  Code  Gb  fputc.o [3]
free                    0x0800448d    0x4  Code  Gb  heaptramp0.o [3]
frexp                   0x080016fd         Code  Gb  frexp.o [4]
frexpl                  0x080016fd         Code  Gb  frexp.o [4]
fseek                   0x0800436f   0x24  Code  Gb  fseek.o [3]
hi2c1                   0x20000218   0x54  Data  Gb  i2c.o [1]
htim1                   0x20000360   0x48  Data  Gb  tim.o [1]
in_buff                 0x20000000    0x4  Data  Gb  main.o [1]
ldexp                   0x080017cd         Code  Gb  ldexp.o [4]
ldexpl                  0x080017cd         Code  Gb  ldexp.o [4]
localeconv              0x08001165    0x4  Code  Gb  xlocale_c.o [3]
main                    0x08002be9  0x16c  Code  Gb  main.o [1]
mem_adr                 0x20000008    0x4  Data  Gb  main.o [1]
memchr                  0x0800121d         Code  Gb  memchr.o [5]
obtain_max_temp         0x08002bb7   0x32  Code  Gb  main.o [1]
obuf                    0x20000310   0x50  Data  Lc  xfiles.o [3]
printf                  0x08003749   0x28  Code  Gb  printf.o [3]
putchar                 0x08004651    0xc  Code  Gb  putchar.o [3]
remove                  0x080044a9   0x14  Code  Gb  remove.o [6]
sFileInfo               0x20000198   0x80  Data  Lc  XShHandles.o [3]
scalbln                 0x080017cd         Code  Gb  ldexp.o [4]
scalblnl                0x080017cd         Code  Gb  ldexp.o [4]
scalbn                  0x080017cd         Code  Gb  ldexp.o [4]
scalbnl                 0x080017cd         Code  Gb  ldexp.o [4]
scale                   0x080008eb   0x46  Code  Lc  xprintffull.o [3]
sec_hand                0x200003c0    0x4  Data  Lc  xfail_s.o [3]
store                   0x2000026c   0x50  Data  Lc  xxwritebuffered.o [3]
storeLen                0x200002bc    0x4  Data  Lc  xxwritebuffered.o [3]
strchr                  0x08001171         Code  Gb  strchr.o [5]
strlen                  0x080011e5         Code  Gb  strlen.o [5]
uwTick                  0x20000014    0x4  Data  Gb  stm32f1xx_hal.o [1]
uwTickFreq              0x20000010    0x1  Data  Gb  stm32f1xx_hal.o [1]
uwTickPrio              0x20000018    0x4  Data  Gb  stm32f1xx_hal.o [1]


[1] = C:\Users\n.kruchkov\Desktop\Projects\Thermo_Board_MLX90614\Thermo_F103\EWARM\Thermo_blue\Obj
[2] = command line
[3] = dl7M_tlf.a
[4] = m7M_tl.a
[5] = rt7M_tl.a
[6] = shb_l.a

  18 198 bytes of readonly  code memory
     187 bytes of readonly  data memory
   2 504 bytes of readwrite data memory

Errors: none
Warnings: none
