oled.c:50:9:TM_SSD1306_Init	8	static
oled.c:131:6:TM_SSD1306_UpdateScreen	16	static
oled.c:146:6:TM_SSD1306_ToggleInvert	16	static
oled.c:158:6:TM_SSD1306_Fill	16	static
oled.c:163:6:TM_SSD1306_DrawPixel	16	static
oled.c:185:6:TM_SSD1306_GotoXY	16	static
oled.c:191:6:TM_SSD1306_Putc	32	static
oled.c:222:6:TM_SSD1306_Puts	24	static
oled.c:239:6:TM_SSD1306_DrawLine	40	static
oled.c:323:6:TM_SSD1306_DrawRectangle	32	static
oled.c:348:6:TM_SSD1306_DrawFilledRectangle	40	static
oled.c:375:6:TM_SSD1306_DrawTriangle	32	static
oled.c:382:6:TM_SSD1306_DrawFilledTriangle	64	static
oled.c:438:6:TM_SSD1306_DrawCircle	40	static
oled.c:472:6:TM_SSD1306_DrawFilledCircle	48	static
oled.c:565:6:SSD1306_buf_write	32	static
oled.c:585:5:I2C_Mem_Write_a8	312	static
oled.c:678:6:SSD1306_ON	8	static
oled.c:684:6:SSD1306_OFF	8	static
